ARM Linker, 5.03 [Build 76] [MDK-ARM Professional]

==============================================================================

Section Cross References

    system_stm32f4xx.o(i.SystemCoreClockUpdate) refers to system_stm32f4xx.o(.data) for .data
    system_stm32f4xx.o(i.SystemCoreClockUpdate) refers to system_stm32f4xx.o(.constdata) for .constdata
    stm32f4xx_hal_tim.o(i.HAL_TIM_Base_DeInit) refers to tim.o(i.HAL_TIM_Base_MspDeInit) for HAL_TIM_Base_MspDeInit
    stm32f4xx_hal_tim.o(i.HAL_TIM_Base_Init) refers to tim.o(i.HAL_TIM_Base_MspInit) for HAL_TIM_Base_MspInit
    stm32f4xx_hal_tim.o(i.HAL_TIM_Base_Init) refers to stm32f4xx_hal_tim.o(i.TIM_Base_SetConfig) for TIM_Base_SetConfig
    stm32f4xx_hal_tim.o(i.HAL_TIM_Base_Start_DMA) refers to stm32f4xx_hal_dma.o(i.HAL_DMA_Start_IT) for HAL_DMA_Start_IT
    stm32f4xx_hal_tim.o(i.HAL_TIM_Base_Start_DMA) refers to stm32f4xx_hal_tim.o(i.TIM_DMAPeriodElapsedCplt) for TIM_DMAPeriodElapsedCplt
    stm32f4xx_hal_tim.o(i.HAL_TIM_Base_Start_DMA) refers to stm32f4xx_hal_tim.o(i.TIM_DMAError) for TIM_DMAError
    stm32f4xx_hal_tim.o(i.HAL_TIM_ConfigClockSource) refers to stm32f4xx_hal_tim.o(i.TIM_ETR_SetConfig) for TIM_ETR_SetConfig
    stm32f4xx_hal_tim.o(i.HAL_TIM_ConfigClockSource) refers to stm32f4xx_hal_tim.o(i.TIM_TI1_ConfigInputStage) for TIM_TI1_ConfigInputStage
    stm32f4xx_hal_tim.o(i.HAL_TIM_ConfigClockSource) refers to stm32f4xx_hal_tim.o(i.TIM_TI2_ConfigInputStage) for TIM_TI2_ConfigInputStage
    stm32f4xx_hal_tim.o(i.HAL_TIM_ConfigClockSource) refers to stm32f4xx_hal_tim.o(i.TIM_ITRx_SetConfig) for TIM_ITRx_SetConfig
    stm32f4xx_hal_tim.o(i.HAL_TIM_ConfigOCrefClear) refers to stm32f4xx_hal_tim.o(i.TIM_ETR_SetConfig) for TIM_ETR_SetConfig
    stm32f4xx_hal_tim.o(i.HAL_TIM_DMABurst_ReadStart) refers to stm32f4xx_hal_dma.o(i.HAL_DMA_Start_IT) for HAL_DMA_Start_IT
    stm32f4xx_hal_tim.o(i.HAL_TIM_DMABurst_ReadStart) refers to stm32f4xx_hal_tim.o(i.TIM_DMAError) for TIM_DMAError
    stm32f4xx_hal_tim.o(i.HAL_TIM_DMABurst_ReadStart) refers to stm32f4xx_hal_tim.o(i.TIM_DMACaptureCplt) for TIM_DMACaptureCplt
    stm32f4xx_hal_tim.o(i.HAL_TIM_DMABurst_ReadStart) refers to stm32f4xx_hal_tim.o(i.TIM_DMAPeriodElapsedCplt) for TIM_DMAPeriodElapsedCplt
    stm32f4xx_hal_tim.o(i.HAL_TIM_DMABurst_ReadStart) refers to stm32f4xx_hal_tim_ex.o(i.TIMEx_DMACommutationCplt) for TIMEx_DMACommutationCplt
    stm32f4xx_hal_tim.o(i.HAL_TIM_DMABurst_ReadStart) refers to stm32f4xx_hal_tim.o(i.TIM_DMATriggerCplt) for TIM_DMATriggerCplt
    stm32f4xx_hal_tim.o(i.HAL_TIM_DMABurst_ReadStop) refers to stm32f4xx_hal_dma.o(i.HAL_DMA_Abort) for HAL_DMA_Abort
    stm32f4xx_hal_tim.o(i.HAL_TIM_DMABurst_WriteStart) refers to stm32f4xx_hal_dma.o(i.HAL_DMA_Start_IT) for HAL_DMA_Start_IT
    stm32f4xx_hal_tim.o(i.HAL_TIM_DMABurst_WriteStart) refers to stm32f4xx_hal_tim.o(i.TIM_DMAError) for TIM_DMAError
    stm32f4xx_hal_tim.o(i.HAL_TIM_DMABurst_WriteStart) refers to stm32f4xx_hal_tim.o(i.TIM_DMADelayPulseCplt) for TIM_DMADelayPulseCplt
    stm32f4xx_hal_tim.o(i.HAL_TIM_DMABurst_WriteStart) refers to stm32f4xx_hal_tim.o(i.TIM_DMAPeriodElapsedCplt) for TIM_DMAPeriodElapsedCplt
    stm32f4xx_hal_tim.o(i.HAL_TIM_DMABurst_WriteStart) refers to stm32f4xx_hal_tim_ex.o(i.TIMEx_DMACommutationCplt) for TIMEx_DMACommutationCplt
    stm32f4xx_hal_tim.o(i.HAL_TIM_DMABurst_WriteStart) refers to stm32f4xx_hal_tim.o(i.TIM_DMATriggerCplt) for TIM_DMATriggerCplt
    stm32f4xx_hal_tim.o(i.HAL_TIM_DMABurst_WriteStop) refers to stm32f4xx_hal_dma.o(i.HAL_DMA_Abort) for HAL_DMA_Abort
    stm32f4xx_hal_tim.o(i.HAL_TIM_Encoder_DeInit) refers to stm32f4xx_hal_tim.o(i.HAL_TIM_Encoder_MspDeInit) for HAL_TIM_Encoder_MspDeInit
    stm32f4xx_hal_tim.o(i.HAL_TIM_Encoder_Init) refers to stm32f4xx_hal_tim.o(i.HAL_TIM_Encoder_MspInit) for HAL_TIM_Encoder_MspInit
    stm32f4xx_hal_tim.o(i.HAL_TIM_Encoder_Init) refers to stm32f4xx_hal_tim.o(i.TIM_Base_SetConfig) for TIM_Base_SetConfig
    stm32f4xx_hal_tim.o(i.HAL_TIM_Encoder_Start) refers to stm32f4xx_hal_tim.o(i.TIM_CCxChannelCmd) for TIM_CCxChannelCmd
    stm32f4xx_hal_tim.o(i.HAL_TIM_Encoder_Start_DMA) refers to stm32f4xx_hal_dma.o(i.HAL_DMA_Start_IT) for HAL_DMA_Start_IT
    stm32f4xx_hal_tim.o(i.HAL_TIM_Encoder_Start_DMA) refers to stm32f4xx_hal_tim.o(i.TIM_CCxChannelCmd) for TIM_CCxChannelCmd
    stm32f4xx_hal_tim.o(i.HAL_TIM_Encoder_Start_DMA) refers to stm32f4xx_hal_tim.o(i.TIM_DMACaptureCplt) for TIM_DMACaptureCplt
    stm32f4xx_hal_tim.o(i.HAL_TIM_Encoder_Start_DMA) refers to stm32f4xx_hal_tim.o(i.TIM_DMAError) for TIM_DMAError
    stm32f4xx_hal_tim.o(i.HAL_TIM_Encoder_Start_IT) refers to stm32f4xx_hal_tim.o(i.TIM_CCxChannelCmd) for TIM_CCxChannelCmd
    stm32f4xx_hal_tim.o(i.HAL_TIM_Encoder_Stop) refers to stm32f4xx_hal_tim.o(i.TIM_CCxChannelCmd) for TIM_CCxChannelCmd
    stm32f4xx_hal_tim.o(i.HAL_TIM_Encoder_Stop_DMA) refers to stm32f4xx_hal_tim.o(i.TIM_CCxChannelCmd) for TIM_CCxChannelCmd
[...]
    ../fplib/microlib/fpepilogue.c           0x00000000   Number         0  depilogue.o ABSOLUTE
    ../fplib/microlib/fpfix.c                0x00000000   Number         0  dfixul.o ABSOLUTE
    ../fplib/microlib/fpflt.c                0x00000000   Number         0  dflti.o ABSOLUTE
    ../fplib/microlib/fpflt.c                0x00000000   Number         0  dfltui.o ABSOLUTE
    ../fplib/microlib/fpmul.c                0x00000000   Number         0  dmul.o ABSOLUTE
    ../mathlib/sqrtf.c                       0x00000000   Number         0  sqrtf_x.o ABSOLUTE
    ../mathlib/sqrtf.c                       0x00000000   Number         0  sqrtf.o ABSOLUTE
    ..\Drivers\CMSIS\Device\ST\STM32F4xx\Source\Templates\arm\startup_stm32f407xx.s 0x00000000   Number         0  startup_stm32f407xx.o ABSOLUTE
    ..\Drivers\CMSIS\Device\ST\STM32F4xx\Source\Templates\system_stm32f4xx.c 0x00000000   Number         0  system_stm32f4xx.o ABSOLUTE
    ..\Drivers\STM32F4xx_HAL_Driver\Src\stm32f4xx_hal.c 0x00000000   Number         0  stm32f4xx_hal.o ABSOLUTE
    ..\Drivers\STM32F4xx_HAL_Driver\Src\stm32f4xx_hal_adc.c 0x00000000   Number         0  stm32f4xx_hal_adc.o ABSOLUTE
    ..\Drivers\STM32F4xx_HAL_Driver\Src\stm32f4xx_hal_adc_ex.c 0x00000000   Number         0  stm32f4xx_hal_adc_ex.o ABSOLUTE
    ..\Drivers\STM32F4xx_HAL_Driver\Src\stm32f4xx_hal_cortex.c 0x00000000   Number         0  stm32f4xx_hal_cortex.o ABSOLUTE
    ..\Drivers\STM32F4xx_HAL_Driver\Src\stm32f4xx_hal_dma.c 0x00000000   Number         0  stm32f4xx_hal_dma.o ABSOLUTE
    ..\Drivers\STM32F4xx_HAL_Driver\Src\stm32f4xx_hal_dma_ex.c 0x00000000   Number         0  stm32f4xx_hal_dma_ex.o ABSOLUTE
    ..\Drivers\STM32F4xx_HAL_Driver\Src\stm32f4xx_hal_flash.c 0x00000000   Number         0  stm32f4xx_hal_flash.o ABSOLUTE
    ..\Drivers\STM32F4xx_HAL_Driver\Src\stm32f4xx_hal_flash_ex.c 0x00000000   Number         0  stm32f4xx_hal_flash_ex.o ABSOLUTE
    ..\Drivers\STM32F4xx_HAL_Driver\Src\stm32f4xx_hal_flash_ramfunc.c 0x00000000   Number         0  stm32f4xx_hal_flash_ramfunc.o ABSOLUTE
    ..\Drivers\STM32F4xx_HAL_Driver\Src\stm32f4xx_hal_gpio.c 0x00000000   Number         0  stm32f4xx_hal_gpio.o ABSOLUTE
    ..\Drivers\STM32F4xx_HAL_Driver\Src\stm32f4xx_hal_i2c.c 0x00000000   Number         0  stm32f4xx_hal_i2c.o ABSOLUTE
    ..\Drivers\STM32F4xx_HAL_Driver\Src\stm32f4xx_hal_i2c_ex.c 0x00000000   Number         0  stm32f4xx_hal_i2c_ex.o ABSOLUTE
    ..\Drivers\STM32F4xx_HAL_Driver\Src\stm32f4xx_hal_pwr.c 0x00000000   Number         0  stm32f4xx_hal_pwr.o ABSOLUTE
    ..\Drivers\STM32F4xx_HAL_Driver\Src\stm32f4xx_hal_pwr_ex.c 0x00000000   Number         0  stm32f4xx_hal_pwr_ex.o ABSOLUTE
    ..\Drivers\STM32F4xx_HAL_Driver\Src\stm32f4xx_hal_rcc.c 0x00000000   Number         0  stm32f4xx_hal_rcc.o ABSOLUTE
    ..\Drivers\STM32F4xx_HAL_Driver\Src\stm32f4xx_hal_rcc_ex.c 0x00000000   Number         0  stm32f4xx_hal_rcc_ex.o ABSOLUTE
    ..\Drivers\STM32F4xx_HAL_Driver\Src\stm32f4xx_hal_spi.c 0x00000000   Number         0  stm32f4xx_hal_spi.o ABSOLUTE
    ..\Drivers\STM32F4xx_HAL_Driver\Src\stm32f4xx_hal_tim.c 0x00000000   Number         0  stm32f4xx_hal_tim.o ABSOLUTE
    ..\Drivers\STM32F4xx_HAL_Driver\Src\stm32f4xx_hal_tim_ex.c 0x00000000   Number         0  stm32f4xx_hal_tim_ex.o ABSOLUTE
    ..\Drivers\STM32F4xx_HAL_Driver\Src\stm32f4xx_hal_uart.c 0x00000000   Number         0  stm32f4xx_hal_uart.o ABSOLUTE
    ..\Src\adc.c                             0x00000000   Number         0  adc.o ABSOLUTE
    ..\Src\dma.c                             0x00000000   Number         0  dma.o ABSOLUTE
    ..\Src\gpio.c                            0x00000000   Number         0  gpio.o ABSOLUTE
    ..\Src\i2c.c                             0x00000000   Number         0  i2c.o ABSOLUTE
    ..\Src\main.c                            0x00000000   Number         0  main.o ABSOLUTE
    ..\Src\spi.c                             0x00000000   Number         0  spi.o ABSOLUTE
    ..\Src\stm32f4xx_hal_msp.c               0x00000000   Number         0  stm32f4xx_hal_msp.o ABSOLUTE
    ..\Src\stm32f4xx_it.c                    0x00000000   Number         0  stm32f4xx_it.o ABSOLUTE
    ..\Src\tim.c                             0x00000000   Number         0  tim.o ABSOLUTE
    ..\Src\uni_adc.c                         0x00000000   Number         0  uni_adc.o ABSOLUTE
    ..\Src\uni_command.c                     0x00000000   Number         0  uni_command.o ABSOLUTE
    ..\Src\uni_eeprom.c                      0x00000000   Number         0  uni_eeprom.o ABSOLUTE
    ..\Src\uni_power.c                       0x00000000   Number         0  uni_power.o ABSOLUTE
    ..\Src\uni_relay.c                       0x00000000   Number         0  uni_relay.o ABSOLUTE
    ..\Src\uni_uart.c                        0x00000000   Number         0  uni_uart.o ABSOLUTE
    ..\Src\uni_voltage.c                     0x00000000   Number         0  uni_voltage.o ABSOLUTE
    ..\Src\usart.c                           0x00000000   Number         0  usart.o ABSOLUTE
    ..\\Drivers\\CMSIS\\Device\\ST\\STM32F4xx\\Source\\Templates\\system_stm32f4xx.c 0x00000000   Number         0  system_stm32f4xx.o ABSOLUTE
    ..\\Drivers\\STM32F4xx_HAL_Driver\\Src\\stm32f4xx_hal.c 0x00000000   Number         0  stm32f4xx_hal.o ABSOLUTE
    ..\\Drivers\\STM32F4xx_HAL_Driver\\Src\\stm32f4xx_hal_adc.c 0x00000000   Number         0  stm32f4xx_hal_adc.o ABSOLUTE
    ..\\Drivers\\STM32F4xx_HAL_Driver\\Src\\stm32f4xx_hal_adc_ex.c 0x00000000   Number         0  stm32f4xx_hal_adc_ex.o ABSOLUTE
    ..\\Drivers\\STM32F4xx_HAL_Driver\\Src\\stm32f4xx_hal_cortex.c 0x00000000   Number         0  stm32f4xx_hal_cortex.o ABSOLUTE
    ..\\Drivers\\STM32F4xx_HAL_Driver\\Src\\stm32f4xx_hal_dma.c 0x00000000   Number         0  stm32f4xx_hal_dma.o ABSOLUTE
    ..\\Drivers\\STM32F4xx_HAL_Driver\\Src\\stm32f4xx_hal_dma_ex.c 0x00000000   Number         0  stm32f4xx_hal_dma_ex.o ABSOLUTE
    ..\\Drivers\\STM32F4xx_HAL_Driver\\Src\\stm32f4xx_hal_flash.c 0x00000000   Number         0  stm32f4xx_hal_flash.o ABSOLUTE
    ..\\Drivers\\STM32F4xx_HAL_Driver\\Src\\stm32f4xx_hal_flash_ex.c 0x00000000   Number         0  stm32f4xx_hal_flash_ex.o ABSOLUTE
    ..\\Drivers\\STM32F4xx_HAL_Driver\\Src\\stm32f4xx_hal_flash_ramfunc.c 0x00000000   Number         0  stm32f4xx_hal_flash_ramfunc.o ABSOLUTE
    ..\\Drivers\\STM32F4xx_HAL_Driver\\Src\\stm32f4xx_hal_gpio.c 0x00000000   Number         0  stm32f4xx_hal_gpio.o ABSOLUTE
    ..\\Drivers\\STM32F4xx_HAL_Driver\\Src\\stm32f4xx_hal_i2c.c 0x00000000   Number         0  stm32f4xx_hal_i2c.o ABSOLUTE
    ..\\Drivers\\STM32F4xx_HAL_Driver\\Src\\stm32f4xx_hal_i2c_ex.c 0x00000000   Number         0  stm32f4xx_hal_i2c_ex.o ABSOLUTE
    ..\\Drivers\\STM32F4xx_HAL_Driver\\Src\\stm32f4xx_hal_pwr.c 0x00000000   Number         0  stm32f4xx_hal_pwr.o ABSOLUTE
    ..\\Drivers\\STM32F4xx_HAL_Driver\\Src\\stm32f4xx_hal_pwr_ex.c 0x00000000   Number         0  stm32f4xx_hal_pwr_ex.o ABSOLUTE
    ..\\Drivers\\STM32F4xx_HAL_Driver\\Src\\stm32f4xx_hal_rcc.c 0x00000000   Number         0  stm32f4xx_hal_rcc.o ABSOLUTE
    ..\\Drivers\\STM32F4xx_HAL_Driver\\Src\\stm32f4xx_hal_rcc_ex.c 0x00000000   Number         0  stm32f4xx_hal_rcc_ex.o ABSOLUTE
    ..\\Drivers\\STM32F4xx_HAL_Driver\\Src\\stm32f4xx_hal_spi.c 0x00000000   Number         0  stm32f4xx_hal_spi.o ABSOLUTE
    ..\\Drivers\\STM32F4xx_HAL_Driver\\Src\\stm32f4xx_hal_tim.c 0x00000000   Number         0  stm32f4xx_hal_tim.o ABSOLUTE
    ..\\Drivers\\STM32F4xx_HAL_Driver\\Src\\stm32f4xx_hal_tim_ex.c 0x00000000   Number         0  stm32f4xx_hal_tim_ex.o ABSOLUTE
    ..\\Drivers\\STM32F4xx_HAL_Driver\\Src\\stm32f4xx_hal_uart.c 0x00000000   Number         0  stm32f4xx_hal_uart.o ABSOLUTE
    ..\\Src\\adc.c                           0x00000000   Number         0  adc.o ABSOLUTE
    ..\\Src\\dma.c                           0x00000000   Number         0  dma.o ABSOLUTE
    ..\\Src\\gpio.c                          0x00000000   Number         0  gpio.o ABSOLUTE
    ..\\Src\\i2c.c                           0x00000000   Number         0  i2c.o ABSOLUTE
    ..\\Src\\main.c                          0x00000000   Number         0  main.o ABSOLUTE
    ..\\Src\\spi.c                           0x00000000   Number         0  spi.o ABSOLUTE
    ..\\Src\\stm32f4xx_hal_msp.c             0x00000000   Number         0  stm32f4xx_hal_msp.o ABSOLUTE
    ..\\Src\\stm32f4xx_it.c                  0x00000000   Number         0  stm32f4xx_it.o ABSOLUTE
    ..\\Src\\tim.c                           0x00000000   Number         0  tim.o ABSOLUTE
    ..\\Src\\uni_adc.c                       0x00000000   Number         0  uni_adc.o ABSOLUTE
    ..\\Src\\uni_command.c                   0x00000000   Number         0  uni_command.o ABSOLUTE
    ..\\Src\\uni_eeprom.c                    0x00000000   Number         0  uni_eeprom.o ABSOLUTE
    ..\\Src\\uni_power.c                     0x00000000   Number         0  uni_power.o ABSOLUTE
    ..\\Src\\uni_relay.c                     0x00000000   Number         0  uni_relay.o ABSOLUTE
    ..\\Src\\uni_uart.c                      0x00000000   Number         0  uni_uart.o ABSOLUTE
    ..\\Src\\uni_voltage.c                   0x00000000   Number         0  uni_voltage.o ABSOLUTE
    ..\\Src\\usart.c                         0x00000000   Number         0  usart.o ABSOLUTE
    cdrcmple.s                               0x00000000   Number         0  cdrcmple.o ABSOLUTE
    dc.s                                     0x00000000   Number         0  dc.o ABSOLUTE
    handlers.s                               0x00000000   Number         0  handlers.o ABSOLUTE
    init.s                                   0x00000000   Number         0  init.o ABSOLUTE
    RESET                                    0x08000000   Section      392  startup_stm32f407xx.o(RESET)
    .ARM.Collect$$$$00000000                 0x08000188   Section        0  entry.o(.ARM.Collect$$$$00000000)
    .ARM.Collect$$$$00000001                 0x08000188   Section        4  entry2.o(.ARM.Collect$$$$00000001)
    .ARM.Collect$$$$00000004                 0x0800018c   Section        4  entry5.o(.ARM.Collect$$$$00000004)
    .ARM.Collect$$$$00000008                 0x08000190   Section        0  entry7b.o(.ARM.Collect$$$$00000008)
    .ARM.Collect$$$$0000000A                 0x08000190   Section        0  entry8b.o(.ARM.Collect$$$$0000000A)
    .ARM.Collect$$$$0000000B                 0x08000190   Section        8  entry9a.o(.ARM.Collect$$$$0000000B)
    .ARM.Collect$$$$0000000D                 0x08000198   Section        0  entry10a.o(.ARM.Collect$$$$0000000D)
    .ARM.Collect$$$$0000000F                 0x08000198   Section        0  entry11a.o(.ARM.Collect$$$$0000000F)
    .ARM.Collect$$$$00002712                 0x08000198   Section        4  entry2.o(.ARM.Collect$$$$00002712)
    __lit__00000000                          0x08000198   Data           4  entry2.o(.ARM.Collect$$$$00002712)
    .text                                    0x0800019c   Section       36  startup_stm32f407xx.o(.text)
    $v0                                      0x0800019c   Number         0  startup_stm32f407xx.o(.text)
    .text                                    0x080001c0   Section        0  ddiv.o(.text)
    .text                                    0x0800029e   Section        0  dflti.o(.text)
    .text                                    0x080002c0   Section        0  dfltui.o(.text)
    .text                                    0x080002da   Section        0  f2d.o(.text)
    .text                                    0x08000300   Section        0  d2f.o(.text)
    .text                                    0x08000338   Section        0  uldiv.o(.text)
    .text                                    0x0800039a   Section        0  fepilogue.o(.text)
    .text                                    0x0800039a   Section        0  iusefp.o(.text)
    .text                                    0x08000406   Section        0  depilogue.o(.text)
    .text                                    0x080004c4   Section       36  init.o(.text)
    .text                                    0x080004e8   Section        0  llshl.o(.text)
    .text                                    0x08000506   Section        0  llushr.o(.text)
    i.ADC_DMAConvCplt                        0x08000528   Section        0  stm32f4xx_hal_adc.o(i.ADC_DMAConvCplt)
    ADC_DMAConvCplt                          0x08000529   Thumb Code    30  stm32f4xx_hal_adc.o(i.ADC_DMAConvCplt)
    i.ADC_DMAError                           0x08000546   Section        0  stm32f4xx_hal_adc.o(i.ADC_DMAError)
    ADC_DMAError                             0x08000547   Thumb Code    24  stm32f4xx_hal_adc.o(i.ADC_DMAError)
    i.ADC_DMAHalfConvCplt                    0x0800055e   Section        0  stm32f4xx_hal_adc.o(i.ADC_DMAHalfConvCplt)
    ADC_DMAHalfConvCplt                      0x0800055f   Thumb Code    10  stm32f4xx_hal_adc.o(i.ADC_DMAHalfConvCplt)
    i.ADC_Init                               0x08000568   Section        0  stm32f4xx_hal_adc.o(i.ADC_Init)
    ADC_Init                                 0x08000569   Thumb Code   290  stm32f4xx_hal_adc.o(i.ADC_Init)
    i.DMA2_Stream0_IRQHandler                0x08000698   Section        0  stm32f4xx_it.o(i.DMA2_Stream0_IRQHandler)
    i.DMA_SetConfig                          0x080006a4   Section        0  stm32f4xx_hal_dma.o(i.DMA_SetConfig)
    DMA_SetConfig                            0x080006a5   Thumb Code    40  stm32f4xx_hal_dma.o(i.DMA_SetConfig)
    i.EXTI15_10_IRQHandler                   0x080006cc   Section        0  stm32f4xx_it.o(i.EXTI15_10_IRQHandler)
    i.HAL_ADC_ConfigChannel                  0x080006d4   Section        0  stm32f4xx_hal_adc.o(i.HAL_ADC_ConfigChannel)
    i.HAL_ADC_ConvCpltCallback               0x08000824   Section        0  uni_adc.o(i.HAL_ADC_ConvCpltCallback)
    i.HAL_ADC_ConvHalfCpltCallback           0x08000844   Section        0  uni_adc.o(i.HAL_ADC_ConvHalfCpltCallback)
    i.HAL_ADC_DeInit                         0x08000864   Section        0  stm32f4xx_hal_adc.o(i.HAL_ADC_DeInit)
    i.HAL_ADC_ErrorCallback                  0x08000884   Section        0  stm32f4xx_hal_adc.o(i.HAL_ADC_ErrorCallback)
    i.HAL_ADC_Init                           0x08000886   Section        0  stm32f4xx_hal_adc.o(i.HAL_ADC_Init)
    i.HAL_ADC_MspDeInit                      0x080008c0   Section        0  adc.o(i.HAL_ADC_MspDeInit)
    i.HAL_ADC_MspInit                        0x08000910   Section        0  adc.o(i.HAL_ADC_MspInit)
    i.HAL_ADC_Start_DMA                      0x080009b4   Section        0  stm32f4xx_hal_adc.o(i.HAL_ADC_Start_DMA)
    i.HAL_DMA_DeInit                         0x08000a64   Section        0  stm32f4xx_hal_dma.o(i.HAL_DMA_DeInit)
    i.HAL_DMA_IRQHandler                     0x08001430   Section        0  stm32f4xx_hal_dma.o(i.HAL_DMA_IRQHandler)
    i.HAL_DMA_Init                           0x0800239c   Section        0  stm32f4xx_hal_dma.o(i.HAL_DMA_Init)
    i.HAL_DMA_Start_IT                       0x0800240c   Section        0  stm32f4xx_hal_dma.o(i.HAL_DMA_Start_IT)
    i.HAL_Delay                              0x08002478   Section        0  stm32f4xx_hal.o(i.HAL_Delay)
    i.HAL_GPIO_DeInit                        0x08002490   Section        0  stm32f4xx_hal_gpio.o(i.HAL_GPIO_DeInit)
    i.HAL_GPIO_EXTI_Callback                 0x080025e8   Section        0  uni_voltage.o(i.HAL_GPIO_EXTI_Callback)
    i.HAL_GPIO_EXTI_IRQHandler               0x08002644   Section        0  stm32f4xx_hal_gpio.o(i.HAL_GPIO_EXTI_IRQHandler)
    i.HAL_GPIO_Init                          0x0800265c   Section        0  stm32f4xx_hal_gpio.o(i.HAL_GPIO_Init)
    i.HAL_GPIO_TogglePin                     0x08002824   Section        0  stm32f4xx_hal_gpio.o(i.HAL_GPIO_TogglePin)
    i.HAL_GPIO_WritePin                      0x0800282c   Section        0  stm32f4xx_hal_gpio.o(i.HAL_GPIO_WritePin)
    i.HAL_GetTick                            0x08002838   Section        0  stm32f4xx_hal.o(i.HAL_GetTick)
    i.HAL_I2C_ER_IRQHandler                  0x08002844   Section        0  stm32f4xx_hal_i2c.o(i.HAL_I2C_ER_IRQHandler)
    i.HAL_I2C_EV_IRQHandler                  0x08002926   Section        0  stm32f4xx_hal_i2c.o(i.HAL_I2C_EV_IRQHandler)
    i.HAL_I2C_ErrorCallback                  0x08002ad0   Section        0  stm32f4xx_hal_i2c.o(i.HAL_I2C_ErrorCallback)
    i.HAL_I2C_Init                           0x08002ad4   Section        0  stm32f4xx_hal_i2c.o(i.HAL_I2C_Init)
    i.HAL_I2C_MasterRxCpltCallback           0x08002bd0   Section        0  stm32f4xx_hal_i2c.o(i.HAL_I2C_MasterRxCpltCallback)
    i.HAL_I2C_MasterTxCpltCallback           0x08002bd2   Section        0  stm32f4xx_hal_i2c.o(i.HAL_I2C_MasterTxCpltCallback)
    i.HAL_I2C_MemRxCpltCallback              0x08002bd4   Section        0  stm32f4xx_hal_i2c.o(i.HAL_I2C_MemRxCpltCallback)
    i.HAL_I2C_MemTxCpltCallback              0x08002bd6   Section        0  stm32f4xx_hal_i2c.o(i.HAL_I2C_MemTxCpltCallback)
    i.HAL_I2C_MspInit                        0x08002bd8   Section        0  i2c.o(i.HAL_I2C_MspInit)
    i.HAL_I2C_SlaveRxCpltCallback            0x08002c44   Section        0  stm32f4xx_hal_i2c.o(i.HAL_I2C_SlaveRxCpltCallback)
    i.HAL_I2C_SlaveTxCpltCallback            0x08002c46   Section        0  stm32f4xx_hal_i2c.o(i.HAL_I2C_SlaveTxCpltCallback)
    i.HAL_IncTick                            0x08002c48   Section        0  stm32f4xx_hal.o(i.HAL_IncTick)
    i.HAL_Init                               0x08002c58   Section        0  stm32f4xx_hal.o(i.HAL_Init)
    i.HAL_InitTick                           0x08002c8c   Section        0  stm32f4xx_hal.o(i.HAL_InitTick)
    i.HAL_MspInit                            0x08002cae   Section        0  stm32f4xx_hal_msp.o(i.HAL_MspInit)
    i.HAL_NVIC_EnableIRQ                     0x08002cc4   Section        0  stm32f4xx_hal_cortex.o(i.HAL_NVIC_EnableIRQ)
    i.HAL_NVIC_SetPriority                   0x08002cdc   Section        0  stm32f4xx_hal_cortex.o(i.HAL_NVIC_SetPriority)
    i.HAL_NVIC_SetPriorityGrouping           0x08002d1c   Section        0  stm32f4xx_hal_cortex.o(i.HAL_NVIC_SetPriorityGrouping)
    i.HAL_RCC_ClockConfig                    0x08002d40   Section        0  stm32f4xx_hal_rcc.o(i.HAL_RCC_ClockConfig)
    i.HAL_RCC_GetHCLKFreq                    0x08002f4c   Section        0  stm32f4xx_hal_rcc.o(i.HAL_RCC_GetHCLKFreq)
    i.HAL_RCC_GetPCLK1Freq                   0x08002f80   Section        0  stm32f4xx_hal_rcc.o(i.HAL_RCC_GetPCLK1Freq)
    i.HAL_RCC_GetPCLK2Freq                   0x08002fac   Section        0  stm32f4xx_hal_rcc.o(i.HAL_RCC_GetPCLK2Freq)
    i.HAL_RCC_GetSysClockFreq                0x08002fd8   Section        0  stm32f4xx_hal_rcc.o(i.HAL_RCC_GetSysClockFreq)
    i.HAL_RCC_OscConfig                      0x08003048   Section        0  stm32f4xx_hal_rcc.o(i.HAL_RCC_OscConfig)
    i.HAL_SPI_Init                           0x08003384   Section        0  stm32f4xx_hal_spi.o(i.HAL_SPI_Init)
    i.HAL_SPI_MspInit                        0x08003408   Section        0  spi.o(i.HAL_SPI_MspInit)
    i.HAL_SYSTICK_CLKSourceConfig            0x08003454   Section        0  stm32f4xx_hal_cortex.o(i.HAL_SYSTICK_CLKSourceConfig)
    i.HAL_SYSTICK_Callback                   0x0800346c   Section        0  stm32f4xx_hal_cortex.o(i.HAL_SYSTICK_Callback)
    i.HAL_SYSTICK_Config                     0x0800346e   Section        0  stm32f4xx_hal_cortex.o(i.HAL_SYSTICK_Config)
    i.HAL_SYSTICK_IRQHandler                 0x08003496   Section        0  stm32f4xx_hal_cortex.o(i.HAL_SYSTICK_IRQHandler)
    i.HAL_TIMEx_BreakCallback                0x0800349e   Section        0  stm32f4xx_hal_tim_ex.o(i.HAL_TIMEx_BreakCallback)
    i.HAL_TIMEx_CommutationCallback          0x080034a0   Section        0  stm32f4xx_hal_tim_ex.o(i.HAL_TIMEx_CommutationCallback)
    i.HAL_TIMEx_MasterConfigSynchronization  0x080034a2   Section        0  stm32f4xx_hal_tim_ex.o(i.HAL_TIMEx_MasterConfigSynchronization)
    i.HAL_TIM_Base_Init                      0x080034f2   Section        0  stm32f4xx_hal_tim.o(i.HAL_TIM_Base_Init)
    i.HAL_TIM_Base_MspInit                   0x08003528   Section        0  tim.o(i.HAL_TIM_Base_MspInit)
    i.HAL_TIM_Base_Start                     0x080035c0   Section        0  stm32f4xx_hal_tim.o(i.HAL_TIM_Base_Start)
    i.HAL_TIM_Base_Start_IT                  0x080035da   Section        0  stm32f4xx_hal_tim.o(i.HAL_TIM_Base_Start_IT)
    i.HAL_TIM_Base_Stop                      0x080035f2   Section        0  stm32f4xx_hal_tim.o(i.HAL_TIM_Base_Stop)
    i.HAL_TIM_ConfigClockSource              0x0800361e   Section        0  stm32f4xx_hal_tim.o(i.HAL_TIM_ConfigClockSource)
    i.HAL_TIM_IC_CaptureCallback             0x0800370e   Section        0  stm32f4xx_hal_tim.o(i.HAL_TIM_IC_CaptureCallback)
    i.HAL_TIM_IRQHandler                     0x08003710   Section        0  stm32f4xx_hal_tim.o(i.HAL_TIM_IRQHandler)
    i.HAL_TIM_OC_DelayElapsedCallback        0x08003876   Section        0  stm32f4xx_hal_tim.o(i.HAL_TIM_OC_DelayElapsedCallback)
    i.HAL_TIM_OnePulse_Init                  0x08003878   Section        0  stm32f4xx_hal_tim.o(i.HAL_TIM_OnePulse_Init)
    i.HAL_TIM_OnePulse_MspInit               0x080038c2   Section        0  stm32f4xx_hal_tim.o(i.HAL_TIM_OnePulse_MspInit)
    i.HAL_TIM_PWM_PulseFinishedCallback      0x080038c4   Section        0  stm32f4xx_hal_tim.o(i.HAL_TIM_PWM_PulseFinishedCallback)
    i.HAL_TIM_PeriodElapsedCallback          0x080038c8   Section        0  uni_relay.o(i.HAL_TIM_PeriodElapsedCallback)
    i.HAL_TIM_TriggerCallback                0x080038d8   Section        0  stm32f4xx_hal_tim.o(i.HAL_TIM_TriggerCallback)
    i.HAL_UART_ErrorCallback                 0x080038dc   Section        0  uni_uart.o(i.HAL_UART_ErrorCallback)
    i.HAL_UART_IRQHandler                    0x08003954   Section        0  stm32f4xx_hal_uart.o(i.HAL_UART_IRQHandler)
    i.HAL_UART_Init                          0x08003a5e   Section        0  stm32f4xx_hal_uart.o(i.HAL_UART_Init)
    i.HAL_UART_MspInit                       0x08003abc   Section        0  usart.o(i.HAL_UART_MspInit)
    i.HAL_UART_RxCpltCallback                0x08003ba0   Section        0  uni_uart.o(i.HAL_UART_RxCpltCallback)
    i.HAL_UART_Transmit_IT                   0x08003bec   Section        0  stm32f4xx_hal_uart.o(i.HAL_UART_Transmit_IT)
    i.HAL_UART_TxCpltCallback                0x08003c56   Section        0  uni_uart.o(i.HAL_UART_TxCpltCallback)
    i.I2C1_ER_IRQHandler                     0x08003c58   Section        0  stm32f4xx_it.o(i.I2C1_ER_IRQHandler)
    i.I2C1_EV_IRQHandler                     0x08003c64   Section        0  stm32f4xx_it.o(i.I2C1_EV_IRQHandler)
    i.I2C_MasterReceive_BTF                  0x08003c70   Section        0  stm32f4xx_hal_i2c.o(i.I2C_MasterReceive_BTF)
    I2C_MasterReceive_BTF                    0x08003c71   Thumb Code   128  stm32f4xx_hal_i2c.o(i.I2C_MasterReceive_BTF)
    i.I2C_MasterReceive_RXNE                 0x08003cf0   Section        0  stm32f4xx_hal_i2c.o(i.I2C_MasterReceive_RXNE)
    I2C_MasterReceive_RXNE                   0x08003cf1   Thumb Code   100  stm32f4xx_hal_i2c.o(i.I2C_MasterReceive_RXNE)
    i.MX_ADC1_Init                           0x08003d54   Section        0  adc.o(i.MX_ADC1_Init)
    i.MX_DMA_Init                            0x08003e48   Section        0  dma.o(i.MX_DMA_Init)
    i.MX_GPIO_Init                           0x08003e74   Section        0  gpio.o(i.MX_GPIO_Init)
    i.MX_I2C1_Init                           0x08004014   Section        0  i2c.o(i.MX_I2C1_Init)
    i.MX_SPI2_Init                           0x08004044   Section        0  spi.o(i.MX_SPI2_Init)
    i.MX_TIM1_Init                           0x08004078   Section        0  tim.o(i.MX_TIM1_Init)
    i.MX_TIM2_Init                           0x080040cc   Section        0  tim.o(i.MX_TIM2_Init)
    i.MX_TIM3_Init                           0x08004114   Section        0  tim.o(i.MX_TIM3_Init)
    i.MX_TIM4_Init                           0x0800415c   Section        0  tim.o(i.MX_TIM4_Init)
    i.MX_USART1_UART_Init                    0x080041ac   Section        0  usart.o(i.MX_USART1_UART_Init)
    i.MX_USART2_UART_Init                    0x080041d4   Section        0  usart.o(i.MX_USART2_UART_Init)
    i.MX_USART6_UART_Init                    0x080041fc   Section        0  usart.o(i.MX_USART6_UART_Init)
    i.NVIC_SetPriority                       0x08004224   Section        0  stm32f4xx_hal_cortex.o(i.NVIC_SetPriority)
    NVIC_SetPriority                         0x08004225   Thumb Code    22  stm32f4xx_hal_cortex.o(i.NVIC_SetPriority)
    i.SysTick_Handler                        0x08004244   Section        0  stm32f4xx_it.o(i.SysTick_Handler)
    i.SystemClock_Config                     0x08004254   Section        0  main.o(i.SystemClock_Config)
    i.SystemInit                             0x080042e0   Section        0  system_stm32f4xx.o(i.SystemInit)
    i.TIM1_UP_TIM10_IRQHandler               0x08004334   Section        0  stm32f4xx_it.o(i.TIM1_UP_TIM10_IRQHandler)
    i.TIM4_IRQHandler                        0x08004340   Section        0  stm32f4xx_it.o(i.TIM4_IRQHandler)
    i.TIM_Base_SetConfig                     0x0800434c   Section        0  stm32f4xx_hal_tim.o(i.TIM_Base_SetConfig)
    i.TIM_ETR_SetConfig                      0x0800440c   Section        0  stm32f4xx_hal_tim.o(i.TIM_ETR_SetConfig)
    TIM_ETR_SetConfig                        0x0800440d   Thumb Code    20  stm32f4xx_hal_tim.o(i.TIM_ETR_SetConfig)
    i.TIM_ITRx_SetConfig                     0x08004420   Section        0  stm32f4xx_hal_tim.o(i.TIM_ITRx_SetConfig)
    TIM_ITRx_SetConfig                       0x08004421   Thumb Code    16  stm32f4xx_hal_tim.o(i.TIM_ITRx_SetConfig)
    i.TIM_TI1_ConfigInputStage               0x08004430   Section        0  stm32f4xx_hal_tim.o(i.TIM_TI1_ConfigInputStage)
    TIM_TI1_ConfigInputStage                 0x08004431   Thumb Code    34  stm32f4xx_hal_tim.o(i.TIM_TI1_ConfigInputStage)
    i.TIM_TI2_ConfigInputStage               0x08004452   Section        0  stm32f4xx_hal_tim.o(i.TIM_TI2_ConfigInputStage)
    TIM_TI2_ConfigInputStage                 0x08004453   Thumb Code    36  stm32f4xx_hal_tim.o(i.TIM_TI2_ConfigInputStage)
    i.UART_Receive_IT                        0x08004478   Section        0  stm32f4xx_hal_uart.o(i.UART_Receive_IT)
    UART_Receive_IT                          0x08004479   Thumb Code   168  stm32f4xx_hal_uart.o(i.UART_Receive_IT)
    i.UART_Receive_IT                        0x08004520   Section        0  uni_uart.o(i.UART_Receive_IT)
    i.UART_SetConfig                         0x08004578   Section        0  stm32f4xx_hal_uart.o(i.UART_SetConfig)
    UART_SetConfig                           0x08004579   Thumb Code   366  stm32f4xx_hal_uart.o(i.UART_SetConfig)
    i.UART_Transmit_IT                       0x080046f0   Section        0  stm32f4xx_hal_uart.o(i.UART_Transmit_IT)
    UART_Transmit_IT                         0x080046f1   Thumb Code   102  stm32f4xx_hal_uart.o(i.UART_Transmit_IT)
    i.UART_Transmit_IT                       0x08004758   Section        0  uni_uart.o(i.UART_Transmit_IT)
    i.USART1_IRQHandler                      0x080047b0   Section        0  stm32f4xx_it.o(i.USART1_IRQHandler)
    i.USART2_IRQHandler                      0x080047bc   Section        0  stm32f4xx_it.o(i.USART2_IRQHandler)
    i.USART6_IRQHandler                      0x080047c8   Section        0  stm32f4xx_it.o(i.USART6_IRQHandler)
    i.__0sprintf$8                           0x080047d4   Section        0  printf8.o(i.__0sprintf$8)
    i.__hardfp_sqrtf                         0x080047fc   Section        0  sqrtf.o(i.__hardfp_sqrtf)
    i.__scatterload_copy                     0x08004836   Section       14  handlers.o(i.__scatterload_copy)
    i.__scatterload_null                     0x08004844   Section        2  handlers.o(i.__scatterload_null)
    i.__scatterload_zeroinit                 0x08004846   Section       14  handlers.o(i.__scatterload_zeroinit)
    i.__set_errno                            0x08004854   Section        0  errno.o(i.__set_errno)
    i._printf_core                           0x08004860   Section        0  printf8.o(i._printf_core)
    _printf_core                             0x08004861   Thumb Code   988  printf8.o(i._printf_core)
    i._printf_post_padding                   0x08004c68   Section        0  printf8.o(i._printf_post_padding)
    _printf_post_padding                     0x08004c69   Thumb Code    38  printf8.o(i._printf_post_padding)
    i._printf_pre_padding                    0x08004c8e   Section        0  printf8.o(i._printf_pre_padding)
    _printf_pre_padding                      0x08004c8f   Thumb Code    48  printf8.o(i._printf_pre_padding)
    i._sputc                                 0x08004cbe   Section        0  printf8.o(i._sputc)
    _sputc                                   0x08004cbf   Thumb Code    10  printf8.o(i._sputc)
    i.command_ack_host                       0x08004cc8   Section        0  uni_command.o(i.command_ack_host)
    i.command_exec_rx                        0x08004cd4   Section        0  uni_command.o(i.command_exec_rx)
    i.command_exec_tx                        0x08004cf4   Section        0  uni_command.o(i.command_exec_tx)
    i.end_pulse                              0x08004d04   Section        0  uni_relay.o(i.end_pulse)
    i.log_hex                                0x08004d3c   Section        0  uni_uart.o(i.log_hex)
    i.log_int                                0x08004d80   Section        0  uni_uart.o(i.log_int)
    i.log_str                                0x08004dc0   Section        0  uni_uart.o(i.log_str)
    i.main                                   0x08004dfc   Section        0  main.o(i.main)
    i.power_from_ADC                         0x08004ff8   Section        0  uni_power.o(i.power_from_ADC)
    i.power_init_math                        0x08005320   Section        0  uni_power.o(i.power_init_math)
    i.relay_addr                             0x08005340   Section        0  uni_relay.o(i.relay_addr)
    i.relay_init                             0x080053e8   Section        0  uni_relay.o(i.relay_init)
    i.start_pulse                            0x08005418   Section        0  uni_relay.o(i.start_pulse)
    i.transfer_bufin_to_channel_bufout       0x08005454   Section        0  uni_power.o(i.transfer_bufin_to_channel_bufout)
    i.transfer_metrics_to_status             0x08005470   Section        0  uni_power.o(i.transfer_metrics_to_status)
    i.uart_receive_data                      0x08005490   Section        0  uni_uart.o(i.uart_receive_data)
    i.uni_adcDMA_bytesCaptured               0x080054ac   Section        0  uni_adc.o(i.uni_adcDMA_bytesCaptured)
    i.uni_adc_init                           0x080054bc   Section        0  uni_adc.o(i.uni_adc_init)
    i.uni_adc_start                          0x080055e4   Section        0  uni_adc.o(i.uni_adc_start)
    i.uni_command_exec                       0x08005604   Section        0  uni_command.o(i.uni_command_exec)
    i.uni_relay_off                          0x08005790   Section        0  uni_relay.o(i.uni_relay_off)
    i.uni_relay_on                           0x080057f4   Section        0  uni_relay.o(i.uni_relay_on)
    i.uni_uart_receive_init                  0x08005858   Section        0  uni_uart.o(i.uni_uart_receive_init)
    i.uni_uart_transmit                      0x08005874   Section        0  uni_uart.o(i.uni_uart_transmit)
    i.voltage_timer_init                     0x08005894   Section        0  uni_voltage.o(i.voltage_timer_init)
    .constdata                               0x08005908   Section       16  stm32f4xx_hal_rcc.o(.constdata)
    .data                                    0x10000000   Section        4  system_stm32f4xx.o(.data)
    .data                                    0x10000004   Section        4  stm32f4xx_hal.o(.data)
    uwTick                                   0x10000004   Data           4  stm32f4xx_hal.o(.data)
    .data                                    0x10000008   Section       16  uni_adc.o(.data)
    .data                                    0x10000018   Section       12  uni_command.o(.data)
    ack                                      0x10000018   Data           1  uni_command.o(.data)
    val8                                     0x10000019   Data           1  uni_command.o(.data)
    pRxDest                                  0x1000001c   Data           4  uni_command.o(.data)
    testDataSize                             0x10000020   Data           4  uni_command.o(.data)
    .data                                    0x10000024   Section        4  uni_power.o(.data)
    .data                                    0x10000028   Section        1  uni_uart.o(.data)
    rxdPacket                                0x10000028   Data           1  uni_uart.o(.data)
    .data                                    0x1000002c   Section        4  errno.o(.data)
    _errno                                   0x1000002c   Data           4  errno.o(.data)
    .bss                                     0x10000030   Section      192  usart.o(.bss)
    .bss                                     0x100000f0   Section       88  spi.o(.bss)
    .bss                                     0x10000148   Section      148  adc.o(.bss)
    .bss                                     0x100001dc   Section      240  tim.o(.bss)
    .bss                                     0x100002cc   Section       60  i2c.o(.bss)
    .bss                                     0x10000308   Section     1612  uni_command.o(.bss)
    .bss                                     0x10000954   Section      484  uni_command.o(.bss)
    .bss                                     0x10000b38   Section     4000  uni_power.o(.bss)
    .bss                                     0x10001ad8   Section     4064  uni_power.o(.bss)
    .bss                                     0x10002ab8   Section      164  uni_uart.o(.bss)
    STACK                                    0x10002b60   Section     1024  startup_stm32f407xx.o(STACK)
    .bss                                     0x20000000   Section    128000  uni_adc.o(.bss)

    Global Symbols

    Symbol Name                              Value     Ov Type        Size  Object(Section)

    BuildAttributes$$THM_ISAv4$E$P$D$K$B$S$7EM$VFPi3$EXTD16$VFPS$VFMA$PE$A:L22UL41UL21$X:L11$S22US41US21$IEEE1$IW$USESV6$~STKCKD$USESV7$~SHL$OTIME$ROPI$IEEEJ$EBA8$MICROLIB$REQ8$PRES8$EABIv2 0x00000000   Number         0  anon$$obj.o ABSOLUTE
    __ARM_use_no_argv                        0x00000000   Number         0  main.o ABSOLUTE
    _printf_a                                0x00000000   Number         0  stubs.o ABSOLUTE
    _printf_c                                0x00000000   Number         0  stubs.o ABSOLUTE
    _printf_charcount                        0x00000000   Number         0  stubs.o ABSOLUTE
    _printf_d                                0x00000000   Number         0  stubs.o ABSOLUTE
    _printf_e                                0x00000000   Number         0  stubs.o ABSOLUTE
    _printf_f                                0x00000000   Number         0  stubs.o ABSOLUTE
    _printf_flags                            0x00000000   Number         0  stubs.o ABSOLUTE
    _printf_fp_dec                           0x00000000   Number         0  stubs.o ABSOLUTE
    _printf_fp_hex                           0x00000000   Number         0  stubs.o ABSOLUTE
    _printf_g                                0x00000000   Number         0  stubs.o ABSOLUTE
    _printf_i                                0x00000000   Number         0  stubs.o ABSOLUTE
    _printf_int_dec                          0x00000000   Number         0  stubs.o ABSOLUTE
    _printf_l                                0x00000000   Number         0  stubs.o ABSOLUTE
    _printf_lc                               0x00000000   Number         0  stubs.o ABSOLUTE
    _printf_ll                               0x00000000   Number         0  stubs.o ABSOLUTE
    _printf_lld                              0x00000000   Number         0  stubs.o ABSOLUTE
    _printf_lli                              0x00000000   Number         0  stubs.o ABSOLUTE
    _printf_llo                              0x00000000   Number         0  stubs.o ABSOLUTE
    _printf_llu                              0x00000000   Number         0  stubs.o ABSOLUTE
    _printf_llx                              0x00000000   Number         0  stubs.o ABSOLUTE
    _printf_longlong_dec                     0x00000000   Number         0  stubs.o ABSOLUTE
    _printf_longlong_hex                     0x00000000   Number         0  stubs.o ABSOLUTE
    _printf_longlong_oct                     0x00000000   Number         0  stubs.o ABSOLUTE
    _printf_ls                               0x00000000   Number         0  stubs.o ABSOLUTE
    _printf_mbtowc                           0x00000000   Number         0  stubs.o ABSOLUTE
    _printf_n                                0x00000000   Number         0  stubs.o ABSOLUTE
    _printf_o                                0x00000000   Number         0  stubs.o ABSOLUTE
    _printf_p                                0x00000000   Number         0  stubs.o ABSOLUTE
    _printf_percent                          0x00000000   Number         0  stubs.o ABSOLUTE
    _printf_pre_padding                      0x00000000   Number         0  stubs.o ABSOLUTE
    _printf_return_value                     0x00000000   Number         0  stubs.o ABSOLUTE
    _printf_s                                0x00000000   Number         0  stubs.o ABSOLUTE
    _printf_sizespec                         0x00000000   Number         0  stubs.o ABSOLUTE
    _printf_str                              0x00000000   Number         0  stubs.o ABSOLUTE
    _printf_truncate_signed                  0x00000000   Number         0  stubs.o ABSOLUTE
    _printf_truncate_unsigned                0x00000000   Number         0  stubs.o ABSOLUTE
    _printf_u                                0x00000000   Number         0  stubs.o ABSOLUTE
    _printf_wc                               0x00000000   Number         0  stubs.o ABSOLUTE
    _printf_wctomb                           0x00000000   Number         0  stubs.o ABSOLUTE
    _printf_widthprec                        0x00000000   Number         0  stubs.o ABSOLUTE
    _printf_x                                0x00000000   Number         0  stubs.o ABSOLUTE
    __cpp_initialize__aeabi_                  - Undefined Weak Reference
    __cxa_finalize                            - Undefined Weak Reference
    __decompress                              - Undefined Weak Reference
    _clock_init                               - Undefined Weak Reference
    _microlib_exit                            - Undefined Weak Reference
    __Vectors_Size                           0x00000188   Number         0  startup_stm32f407xx.o ABSOLUTE
    __Vectors                                0x08000000   Data           4  startup_stm32f407xx.o(RESET)
    __Vectors_End                            0x08000188   Data           0  startup_stm32f407xx.o(RESET)
    __main                                   0x08000189   Thumb Code     0  entry.o(.ARM.Collect$$$$00000000)
    _main_stk                                0x08000189   Thumb Code     0  entry2.o(.ARM.Collect$$$$00000001)
    _main_scatterload                        0x0800018d   Thumb Code     0  entry5.o(.ARM.Collect$$$$00000004)
    __main_after_scatterload                 0x08000191   Thumb Code     0  entry5.o(.ARM.Collect$$$$00000004)
    _main_clock                              0x08000191   Thumb Code     0  entry7b.o(.ARM.Collect$$$$00000008)
    _main_cpp_init                           0x08000191   Thumb Code     0  entry8b.o(.ARM.Collect$$$$0000000A)
    _main_init                               0x08000191   Thumb Code     0  entry9a.o(.ARM.Collect$$$$0000000B)
    __rt_final_cpp                           0x08000199   Thumb Code     0  entry10a.o(.ARM.Collect$$$$0000000D)
    __rt_final_exit                          0x08000199   Thumb Code     0  entry11a.o(.ARM.Collect$$$$0000000F)
    Reset_Handler                            0x0800019d   Thumb Code     8  startup_stm32f407xx.o(.text)
    NMI_Handler                              0x080001a5   Thumb Code     2  startup_stm32f407xx.o(.text)
    HardFault_Handler                        0x080001a7   Thumb Code     2  startup_stm32f407xx.o(.text)
    MemManage_Handler                        0x080001a9   Thumb Code     2  startup_stm32f407xx.o(.text)
    BusFault_Handler                         0x080001ab   Thumb Code     2  startup_stm32f407xx.o(.text)
    UsageFault_Handler                       0x080001ad   Thumb Code     2  startup_stm32f407xx.o(.text)
    SVC_Handler                              0x080001af   Thumb Code     2  startup_stm32f407xx.o(.text)
    DebugMon_Handler                         0x080001b1   Thumb Code     2  startup_stm32f407xx.o(.text)
    PendSV_Handler                           0x080001b3   Thumb Code     2  startup_stm32f407xx.o(.text)
    ADC_IRQHandler                           0x080001b7   Thumb Code     0  startup_stm32f407xx.o(.text)
    CAN1_RX0_IRQHandler                      0x080001b7   Thumb Code     0  startup_stm32f407xx.o(.text)
    CAN1_RX1_IRQHandler                      0x080001b7   Thumb Code     0  startup_stm32f407xx.o(.text)
    CAN1_SCE_IRQHandler                      0x080001b7   Thumb Code     0  startup_stm32f407xx.o(.text)
    CAN1_TX_IRQHandler                       0x080001b7   Thumb Code     0  startup_stm32f407xx.o(.text)
    CAN2_RX0_IRQHandler                      0x080001b7   Thumb Code     0  startup_stm32f407xx.o(.text)
    CAN2_RX1_IRQHandler                      0x080001b7   Thumb Code     0  startup_stm32f407xx.o(.text)
    CAN2_SCE_IRQHandler                      0x080001b7   Thumb Code     0  startup_stm32f407xx.o(.text)
    CAN2_TX_IRQHandler                       0x080001b7   Thumb Code     0  startup_stm32f407xx.o(.text)
    DCMI_IRQHandler                          0x080001b7   Thumb Code     0  startup_stm32f407xx.o(.text)
    DMA1_Stream0_IRQHandler                  0x080001b7   Thumb Code     0  startup_stm32f407xx.o(.text)
    DMA1_Stream1_IRQHandler                  0x080001b7   Thumb Code     0  startup_stm32f407xx.o(.text)
    DMA1_Stream2_IRQHandler                  0x080001b7   Thumb Code     0  startup_stm32f407xx.o(.text)
    DMA1_Stream3_IRQHandler                  0x080001b7   Thumb Code     0  startup_stm32f407xx.o(.text)
    DMA1_Stream4_IRQHandler                  0x080001b7   Thumb Code     0  startup_stm32f407xx.o(.text)
    DMA1_Stream5_IRQHandler                  0x080001b7   Thumb Code     0  startup_stm32f407xx.o(.text)
    DMA1_Stream6_IRQHandler                  0x080001b7   Thumb Code     0  startup_stm32f407xx.o(.text)
    DMA1_Stream7_IRQHandler                  0x080001b7   Thumb Code     0  startup_stm32f407xx.o(.text)
    DMA2_Stream1_IRQHandler                  0x080001b7   Thumb Code     0  startup_stm32f407xx.o(.text)
    DMA2_Stream2_IRQHandler                  0x080001b7   Thumb Code     0  startup_stm32f407xx.o(.text)
    DMA2_Stream3_IRQHandler                  0x080001b7   Thumb Code     0  startup_stm32f407xx.o(.text)
    DMA2_Stream4_IRQHandler                  0x080001b7   Thumb Code     0  startup_stm32f407xx.o(.text)
    DMA2_Stream5_IRQHandler                  0x080001b7   Thumb Code     0  startup_stm32f407xx.o(.text)
    DMA2_Stream6_IRQHandler                  0x080001b7   Thumb Code     0  startup_stm32f407xx.o(.text)
    DMA2_Stream7_IRQHandler                  0x080001b7   Thumb Code     0  startup_stm32f407xx.o(.text)
    ETH_IRQHandler                           0x080001b7   Thumb Code     0  startup_stm32f407xx.o(.text)
    ETH_WKUP_IRQHandler                      0x080001b7   Thumb Code     0  startup_stm32f407xx.o(.text)
    EXTI0_IRQHandler                         0x080001b7   Thumb Code     0  startup_stm32f407xx.o(.text)
    EXTI1_IRQHandler                         0x080001b7   Thumb Code     0  startup_stm32f407xx.o(.text)
    EXTI2_IRQHandler                         0x080001b7   Thumb Code     0  startup_stm32f407xx.o(.text)
    EXTI3_IRQHandler                         0x080001b7   Thumb Code     0  startup_stm32f407xx.o(.text)
    EXTI4_IRQHandler                         0x080001b7   Thumb Code     0  startup_stm32f407xx.o(.text)
    EXTI9_5_IRQHandler                       0x080001b7   Thumb Code     0  startup_stm32f407xx.o(.text)
    FLASH_IRQHandler                         0x080001b7   Thumb Code     0  startup_stm32f407xx.o(.text)
    FMC_IRQHandler                           0x080001b7   Thumb Code     0  startup_stm32f407xx.o(.text)
    FPU_IRQHandler                           0x080001b7   Thumb Code     0  startup_stm32f407xx.o(.text)
    HASH_RNG_IRQHandler                      0x080001b7   Thumb Code     0  startup_stm32f407xx.o(.text)
    I2C2_ER_IRQHandler                       0x080001b7   Thumb Code     0  startup_stm32f407xx.o(.text)
    I2C2_EV_IRQHandler                       0x080001b7   Thumb Code     0  startup_stm32f407xx.o(.text)
    I2C3_ER_IRQHandler                       0x080001b7   Thumb Code     0  startup_stm32f407xx.o(.text)
    I2C3_EV_IRQHandler                       0x080001b7   Thumb Code     0  startup_stm32f407xx.o(.text)
    OTG_FS_IRQHandler                        0x080001b7   Thumb Code     0  startup_stm32f407xx.o(.text)
    OTG_FS_WKUP_IRQHandler                   0x080001b7   Thumb Code     0  startup_stm32f407xx.o(.text)
    OTG_HS_EP1_IN_IRQHandler                 0x080001b7   Thumb Code     0  startup_stm32f407xx.o(.text)
    OTG_HS_EP1_OUT_IRQHandler                0x080001b7   Thumb Code     0  startup_stm32f407xx.o(.text)
    OTG_HS_IRQHandler                        0x080001b7   Thumb Code     0  startup_stm32f407xx.o(.text)
    OTG_HS_WKUP_IRQHandler                   0x080001b7   Thumb Code     0  startup_stm32f407xx.o(.text)
    PVD_IRQHandler                           0x080001b7   Thumb Code     0  startup_stm32f407xx.o(.text)
    RCC_IRQHandler                           0x080001b7   Thumb Code     0  startup_stm32f407xx.o(.text)
    RTC_Alarm_IRQHandler                     0x080001b7   Thumb Code     0  startup_stm32f407xx.o(.text)
    RTC_WKUP_IRQHandler                      0x080001b7   Thumb Code     0  startup_stm32f407xx.o(.text)
    SDIO_IRQHandler                          0x080001b7   Thumb Code     0  startup_stm32f407xx.o(.text)
    SPI1_IRQHandler                          0x080001b7   Thumb Code     0  startup_stm32f407xx.o(.text)
    SPI2_IRQHandler                          0x080001b7   Thumb Code     0  startup_stm32f407xx.o(.text)
    SPI3_IRQHandler                          0x080001b7   Thumb Code     0  startup_stm32f407xx.o(.text)
    TAMP_STAMP_IRQHandler                    0x080001b7   Thumb Code     0  startup_stm32f407xx.o(.text)
    TIM1_BRK_TIM9_IRQHandler                 0x080001b7   Thumb Code     0  startup_stm32f407xx.o(.text)
    TIM1_CC_IRQHandler                       0x080001b7   Thumb Code     0  startup_stm32f407xx.o(.text)
    TIM1_TRG_COM_TIM11_IRQHandler            0x080001b7   Thumb Code     0  startup_stm32f407xx.o(.text)
    TIM2_IRQHandler                          0x080001b7   Thumb Code     0  startup_stm32f407xx.o(.text)
    TIM3_IRQHandler                          0x080001b7   Thumb Code     0  startup_stm32f407xx.o(.text)
    TIM5_IRQHandler                          0x080001b7   Thumb Code     0  startup_stm32f407xx.o(.text)
    TIM6_DAC_IRQHandler                      0x080001b7   Thumb Code     0  startup_stm32f407xx.o(.text)
    TIM7_IRQHandler                          0x080001b7   Thumb Code     0  startup_stm32f407xx.o(.text)
    TIM8_BRK_TIM12_IRQHandler                0x080001b7   Thumb Code     0  startup_stm32f407xx.o(.text)
    TIM8_CC_IRQHandler                       0x080001b7   Thumb Code     0  startup_stm32f407xx.o(.text)
    TIM8_TRG_COM_TIM14_IRQHandler            0x080001b7   Thumb Code     0  startup_stm32f407xx.o(.text)
    TIM8_UP_TIM13_IRQHandler                 0x080001b7   Thumb Code     0  startup_stm32f407xx.o(.text)
    UART4_IRQHandler                         0x080001b7   Thumb Code     0  startup_stm32f407xx.o(.text)
    UART5_IRQHandler                         0x080001b7   Thumb Code     0  startup_stm32f407xx.o(.text)
    USART3_IRQHandler                        0x080001b7   Thumb Code     0  startup_stm32f407xx.o(.text)
    WWDG_IRQHandler                          0x080001b7   Thumb Code     0  startup_stm32f407xx.o(.text)
    __aeabi_ddiv                             0x080001c1   Thumb Code   222  ddiv.o(.text)
    __aeabi_i2d                              0x0800029f   Thumb Code    34  dflti.o(.text)
    __aeabi_ui2d                             0x080002c1   Thumb Code    26  dfltui.o(.text)
    __aeabi_f2d                              0x080002db   Thumb Code    38  f2d.o(.text)
    __aeabi_d2f                              0x08000301   Thumb Code    56  d2f.o(.text)
    __aeabi_uldivmod                         0x08000339   Thumb Code    98  uldiv.o(.text)
    __I$use$fp                               0x0800039b   Thumb Code     0  iusefp.o(.text)
    _float_round                             0x0800039b   Thumb Code    18  fepilogue.o(.text)
    _float_epilogue                          0x080003ad   Thumb Code    90  fepilogue.o(.text)
    _double_round                            0x08000407   Thumb Code    26  depilogue.o(.text)
    _double_epilogue                         0x08000421   Thumb Code   164  depilogue.o(.text)
    __scatterload                            0x080004c5   Thumb Code    28  init.o(.text)
    __scatterload_rt2                        0x080004c5   Thumb Code     0  init.o(.text)
    __aeabi_llsl                             0x080004e9   Thumb Code    30  llshl.o(.text)
    _ll_shift_l                              0x080004e9   Thumb Code     0  llshl.o(.text)
    __aeabi_llsr                             0x08000507   Thumb Code    32  llushr.o(.text)
    _ll_ushift_r                             0x08000507   Thumb Code     0  llushr.o(.text)
    DMA2_Stream0_IRQHandler                  0x08000699   Thumb Code     6  stm32f4xx_it.o(i.DMA2_Stream0_IRQHandler)
    EXTI15_10_IRQHandler                     0x080006cd   Thumb Code     8  stm32f4xx_it.o(i.EXTI15_10_IRQHandler)
    HAL_ADC_ConfigChannel                    0x080006d5   Thumb Code   322  stm32f4xx_hal_adc.o(i.HAL_ADC_ConfigChannel)
    HAL_ADC_ConvCpltCallback                 0x08000825   Thumb Code    24  uni_adc.o(i.HAL_ADC_ConvCpltCallback)
    HAL_ADC_ConvHalfCpltCallback             0x08000845   Thumb Code    24  uni_adc.o(i.HAL_ADC_ConvHalfCpltCallback)
    HAL_ADC_DeInit                           0x08000865   Thumb Code    32  stm32f4xx_hal_adc.o(i.HAL_ADC_DeInit)
    HAL_ADC_ErrorCallback                    0x08000885   Thumb Code     2  stm32f4xx_hal_adc.o(i.HAL_ADC_ErrorCallback)
    HAL_ADC_Init                             0x08000887   Thumb Code    56  stm32f4xx_hal_adc.o(i.HAL_ADC_Init)
    HAL_ADC_MspDeInit                        0x080008c1   Thumb Code    58  adc.o(i.HAL_ADC_MspDeInit)
    HAL_ADC_MspInit                          0x08000911   Thumb Code   134  adc.o(i.HAL_ADC_MspInit)
    HAL_ADC_Start_DMA                        0x080009b5   Thumb Code   154  stm32f4xx_hal_adc.o(i.HAL_ADC_Start_DMA)
    HAL_DMA_DeInit                           0x08000a65   Thumb Code  2498  stm32f4xx_hal_dma.o(i.HAL_DMA_DeInit)
    HAL_DMA_IRQHandler                       0x08001431   Thumb Code  3940  stm32f4xx_hal_dma.o(i.HAL_DMA_IRQHandler)
    HAL_DMA_Init                             0x0800239d   Thumb Code   108  stm32f4xx_hal_dma.o(i.HAL_DMA_Init)
    HAL_DMA_Start_IT                         0x0800240d   Thumb Code   108  stm32f4xx_hal_dma.o(i.HAL_DMA_Start_IT)
    HAL_Delay                                0x08002479   Thumb Code    22  stm32f4xx_hal.o(i.HAL_Delay)
    HAL_GPIO_DeInit                          0x08002491   Thumb Code   300  stm32f4xx_hal_gpio.o(i.HAL_GPIO_DeInit)
    HAL_GPIO_EXTI_Callback                   0x080025e9   Thumb Code    76  uni_voltage.o(i.HAL_GPIO_EXTI_Callback)
    HAL_GPIO_EXTI_IRQHandler                 0x08002645   Thumb Code    18  stm32f4xx_hal_gpio.o(i.HAL_GPIO_EXTI_IRQHandler)
    HAL_GPIO_Init                            0x0800265d   Thumb Code   408  stm32f4xx_hal_gpio.o(i.HAL_GPIO_Init)
    HAL_GPIO_TogglePin                       0x08002825   Thumb Code     8  stm32f4xx_hal_gpio.o(i.HAL_GPIO_TogglePin)
    HAL_GPIO_WritePin                        0x0800282d   Thumb Code    10  stm32f4xx_hal_gpio.o(i.HAL_GPIO_WritePin)
    HAL_GetTick                              0x08002839   Thumb Code     6  stm32f4xx_hal.o(i.HAL_GetTick)
    HAL_I2C_ER_IRQHandler                    0x08002845   Thumb Code   226  stm32f4xx_hal_i2c.o(i.HAL_I2C_ER_IRQHandler)
    HAL_I2C_EV_IRQHandler                    0x08002927   Thumb Code   426  stm32f4xx_hal_i2c.o(i.HAL_I2C_EV_IRQHandler)
    HAL_I2C_ErrorCallback                    0x08002ad1   Thumb Code     2  stm32f4xx_hal_i2c.o(i.HAL_I2C_ErrorCallback)
    HAL_I2C_Init                             0x08002ad5   Thumb Code   244  stm32f4xx_hal_i2c.o(i.HAL_I2C_Init)
    HAL_I2C_MasterRxCpltCallback             0x08002bd1   Thumb Code     2  stm32f4xx_hal_i2c.o(i.HAL_I2C_MasterRxCpltCallback)
    HAL_I2C_MasterTxCpltCallback             0x08002bd3   Thumb Code     2  stm32f4xx_hal_i2c.o(i.HAL_I2C_MasterTxCpltCallback)
    HAL_I2C_MemRxCpltCallback                0x08002bd5   Thumb Code     2  stm32f4xx_hal_i2c.o(i.HAL_I2C_MemRxCpltCallback)
    HAL_I2C_MemTxCpltCallback                0x08002bd7   Thumb Code     2  stm32f4xx_hal_i2c.o(i.HAL_I2C_MemTxCpltCallback)
    HAL_I2C_MspInit                          0x08002bd9   Thumb Code    96  i2c.o(i.HAL_I2C_MspInit)
    HAL_I2C_SlaveRxCpltCallback              0x08002c45   Thumb Code     2  stm32f4xx_hal_i2c.o(i.HAL_I2C_SlaveRxCpltCallback)
    HAL_I2C_SlaveTxCpltCallback              0x08002c47   Thumb Code     2  stm32f4xx_hal_i2c.o(i.HAL_I2C_SlaveTxCpltCallback)
    HAL_IncTick                              0x08002c49   Thumb Code    10  stm32f4xx_hal.o(i.HAL_IncTick)
    HAL_Init                                 0x08002c59   Thumb Code    48  stm32f4xx_hal.o(i.HAL_Init)
    HAL_InitTick                             0x08002c8d   Thumb Code    34  stm32f4xx_hal.o(i.HAL_InitTick)
    HAL_MspInit                              0x08002caf   Thumb Code    22  stm32f4xx_hal_msp.o(i.HAL_MspInit)
    HAL_NVIC_EnableIRQ                       0x08002cc5   Thumb Code    24  stm32f4xx_hal_cortex.o(i.HAL_NVIC_EnableIRQ)
    HAL_NVIC_SetPriority                     0x08002cdd   Thumb Code    60  stm32f4xx_hal_cortex.o(i.HAL_NVIC_SetPriority)
    HAL_NVIC_SetPriorityGrouping             0x08002d1d   Thumb Code    26  stm32f4xx_hal_cortex.o(i.HAL_NVIC_SetPriorityGrouping)
    HAL_RCC_ClockConfig                      0x08002d41   Thumb Code   514  stm32f4xx_hal_rcc.o(i.HAL_RCC_ClockConfig)
    HAL_RCC_GetHCLKFreq                      0x08002f4d   Thumb Code    38  stm32f4xx_hal_rcc.o(i.HAL_RCC_GetHCLKFreq)
    HAL_RCC_GetPCLK1Freq                     0x08002f81   Thumb Code    36  stm32f4xx_hal_rcc.o(i.HAL_RCC_GetPCLK1Freq)
    HAL_RCC_GetPCLK2Freq                     0x08002fad   Thumb Code    36  stm32f4xx_hal_rcc.o(i.HAL_RCC_GetPCLK2Freq)
    HAL_RCC_GetSysClockFreq                  0x08002fd9   Thumb Code   104  stm32f4xx_hal_rcc.o(i.HAL_RCC_GetSysClockFreq)
    HAL_RCC_OscConfig                        0x08003049   Thumb Code   806  stm32f4xx_hal_rcc.o(i.HAL_RCC_OscConfig)
    HAL_SPI_Init                             0x08003385   Thumb Code   132  stm32f4xx_hal_spi.o(i.HAL_SPI_Init)
    HAL_SPI_MspInit                          0x08003409   Thumb Code    64  spi.o(i.HAL_SPI_MspInit)
    HAL_SYSTICK_CLKSourceConfig              0x08003455   Thumb Code    24  stm32f4xx_hal_cortex.o(i.HAL_SYSTICK_CLKSourceConfig)
    HAL_SYSTICK_Callback                     0x0800346d   Thumb Code     2  stm32f4xx_hal_cortex.o(i.HAL_SYSTICK_Callback)
    HAL_SYSTICK_Config                       0x0800346f   Thumb Code    40  stm32f4xx_hal_cortex.o(i.HAL_SYSTICK_Config)
    HAL_SYSTICK_IRQHandler                   0x08003497   Thumb Code     8  stm32f4xx_hal_cortex.o(i.HAL_SYSTICK_IRQHandler)
    HAL_TIMEx_BreakCallback                  0x0800349f   Thumb Code     2  stm32f4xx_hal_tim_ex.o(i.HAL_TIMEx_BreakCallback)
    HAL_TIMEx_CommutationCallback            0x080034a1   Thumb Code     2  stm32f4xx_hal_tim_ex.o(i.HAL_TIMEx_CommutationCallback)
    HAL_TIMEx_MasterConfigSynchronization    0x080034a3   Thumb Code    80  stm32f4xx_hal_tim_ex.o(i.HAL_TIMEx_MasterConfigSynchronization)
    HAL_TIM_Base_Init                        0x080034f3   Thumb Code    54  stm32f4xx_hal_tim.o(i.HAL_TIM_Base_Init)
    HAL_TIM_Base_MspInit                     0x08003529   Thumb Code   134  tim.o(i.HAL_TIM_Base_MspInit)
    HAL_TIM_Base_Start                       0x080035c1   Thumb Code    26  stm32f4xx_hal_tim.o(i.HAL_TIM_Base_Start)
    HAL_TIM_Base_Start_IT                    0x080035db   Thumb Code    24  stm32f4xx_hal_tim.o(i.HAL_TIM_Base_Start_IT)
    HAL_TIM_Base_Stop                        0x080035f3   Thumb Code    44  stm32f4xx_hal_tim.o(i.HAL_TIM_Base_Stop)
    HAL_TIM_ConfigClockSource                0x0800361f   Thumb Code   240  stm32f4xx_hal_tim.o(i.HAL_TIM_ConfigClockSource)
    HAL_TIM_IC_CaptureCallback               0x0800370f   Thumb Code     2  stm32f4xx_hal_tim.o(i.HAL_TIM_IC_CaptureCallback)
    HAL_TIM_IRQHandler                       0x08003711   Thumb Code   358  stm32f4xx_hal_tim.o(i.HAL_TIM_IRQHandler)
    HAL_TIM_OC_DelayElapsedCallback          0x08003877   Thumb Code     2  stm32f4xx_hal_tim.o(i.HAL_TIM_OC_DelayElapsedCallback)
    HAL_TIM_OnePulse_Init                    0x08003879   Thumb Code    74  stm32f4xx_hal_tim.o(i.HAL_TIM_OnePulse_Init)
    HAL_TIM_OnePulse_MspInit                 0x080038c3   Thumb Code     2  stm32f4xx_hal_tim.o(i.HAL_TIM_OnePulse_MspInit)
    HAL_TIM_PWM_PulseFinishedCallback        0x080038c5   Thumb Code     2  stm32f4xx_hal_tim.o(i.HAL_TIM_PWM_PulseFinishedCallback)
    HAL_TIM_PeriodElapsedCallback            0x080038c9   Thumb Code    12  uni_relay.o(i.HAL_TIM_PeriodElapsedCallback)
    HAL_TIM_TriggerCallback                  0x080038d9   Thumb Code     2  stm32f4xx_hal_tim.o(i.HAL_TIM_TriggerCallback)
    HAL_UART_ErrorCallback                   0x080038dd   Thumb Code    66  uni_uart.o(i.HAL_UART_ErrorCallback)
    HAL_UART_IRQHandler                      0x08003955   Thumb Code   266  stm32f4xx_hal_uart.o(i.HAL_UART_IRQHandler)
    HAL_UART_Init                            0x08003a5f   Thumb Code    94  stm32f4xx_hal_uart.o(i.HAL_UART_Init)
    HAL_UART_MspInit                         0x08003abd   Thumb Code   194  usart.o(i.HAL_UART_MspInit)
    HAL_UART_RxCpltCallback                  0x08003ba1   Thumb Code    62  uni_uart.o(i.HAL_UART_RxCpltCallback)
    HAL_UART_Transmit_IT                     0x08003bed   Thumb Code   106  stm32f4xx_hal_uart.o(i.HAL_UART_Transmit_IT)
    HAL_UART_TxCpltCallback                  0x08003c57   Thumb Code     2  uni_uart.o(i.HAL_UART_TxCpltCallback)
    I2C1_ER_IRQHandler                       0x08003c59   Thumb Code     6  stm32f4xx_it.o(i.I2C1_ER_IRQHandler)
    I2C1_EV_IRQHandler                       0x08003c65   Thumb Code     6  stm32f4xx_it.o(i.I2C1_EV_IRQHandler)
    MX_ADC1_Init                             0x08003d55   Thumb Code   236  adc.o(i.MX_ADC1_Init)
    MX_DMA_Init                              0x08003e49   Thumb Code    40  dma.o(i.MX_DMA_Init)
    MX_GPIO_Init                             0x08003e75   Thumb Code   386  gpio.o(i.MX_GPIO_Init)
    MX_I2C1_Init                             0x08004015   Thumb Code    34  i2c.o(i.MX_I2C1_Init)
    MX_SPI2_Init                             0x08004045   Thumb Code    44  spi.o(i.MX_SPI2_Init)
    MX_TIM1_Init                             0x08004079   Thumb Code    74  tim.o(i.MX_TIM1_Init)
    MX_TIM2_Init                             0x080040cd   Thumb Code    66  tim.o(i.MX_TIM2_Init)
    MX_TIM3_Init                             0x08004115   Thumb Code    64  tim.o(i.MX_TIM3_Init)
    MX_TIM4_Init                             0x0800415d   Thumb Code    72  tim.o(i.MX_TIM4_Init)
    MX_USART1_UART_Init                      0x080041ad   Thumb Code    32  usart.o(i.MX_USART1_UART_Init)
    MX_USART2_UART_Init                      0x080041d5   Thumb Code    32  usart.o(i.MX_USART2_UART_Init)
    MX_USART6_UART_Init                      0x080041fd   Thumb Code    32  usart.o(i.MX_USART6_UART_Init)
    SysTick_Handler                          0x08004245   Thumb Code    14  stm32f4xx_it.o(i.SysTick_Handler)
    SystemClock_Config                       0x08004255   Thumb Code   130  main.o(i.SystemClock_Config)
    SystemInit                               0x080042e1   Thumb Code    66  system_stm32f4xx.o(i.SystemInit)
    TIM1_UP_TIM10_IRQHandler                 0x08004335   Thumb Code     6  stm32f4xx_it.o(i.TIM1_UP_TIM10_IRQHandler)
    TIM4_IRQHandler                          0x08004341   Thumb Code     6  stm32f4xx_it.o(i.TIM4_IRQHandler)
    TIM_Base_SetConfig                       0x0800434d   Thumb Code   148  stm32f4xx_hal_tim.o(i.TIM_Base_SetConfig)
    UART_Receive_IT                          0x08004521   Thumb Code    86  uni_uart.o(i.UART_Receive_IT)
    UART_Transmit_IT                         0x08004759   Thumb Code    86  uni_uart.o(i.UART_Transmit_IT)
    USART1_IRQHandler                        0x080047b1   Thumb Code     6  stm32f4xx_it.o(i.USART1_IRQHandler)
    USART2_IRQHandler                        0x080047bd   Thumb Code     6  stm32f4xx_it.o(i.USART2_IRQHandler)
    USART6_IRQHandler                        0x080047c9   Thumb Code     6  stm32f4xx_it.o(i.USART6_IRQHandler)
    __0sprintf$8                             0x080047d5   Thumb Code    34  printf8.o(i.__0sprintf$8)
    __1sprintf$8                             0x080047d5   Thumb Code     0  printf8.o(i.__0sprintf$8)
    __2sprintf                               0x080047d5   Thumb Code     0  printf8.o(i.__0sprintf$8)
    __hardfp_sqrtf                           0x080047fd   Thumb Code    58  sqrtf.o(i.__hardfp_sqrtf)
    __scatterload_copy                       0x08004837   Thumb Code    14  handlers.o(i.__scatterload_copy)
    __scatterload_null                       0x08004845   Thumb Code     2  handlers.o(i.__scatterload_null)
    __scatterload_zeroinit                   0x08004847   Thumb Code    14  handlers.o(i.__scatterload_zeroinit)
    __set_errno                              0x08004855   Thumb Code     6  errno.o(i.__set_errno)
    command_ack_host                         0x08004cc9   Thumb Code     8  uni_command.o(i.command_ack_host)
    command_exec_rx                          0x08004cd5   Thumb Code    28  uni_command.o(i.command_exec_rx)
    command_exec_tx                          0x08004cf5   Thumb Code    12  uni_command.o(i.command_exec_tx)
    end_pulse                                0x08004d05   Thumb Code    48  uni_relay.o(i.end_pulse)
    log_hex                                  0x08004d3d   Thumb Code    46  uni_uart.o(i.log_hex)
    log_int                                  0x08004d81   Thumb Code    46  uni_uart.o(i.log_int)
    log_str                                  0x08004dc1   Thumb Code    44  uni_uart.o(i.log_str)
    main                                     0x08004dfd   Thumb Code   368  main.o(i.main)
    power_from_ADC                           0x08004ff9   Thumb Code   760  uni_power.o(i.power_from_ADC)
    power_init_math                          0x08005321   Thumb Code    24  uni_power.o(i.power_init_math)
    relay_addr                               0x08005341   Thumb Code   162  uni_relay.o(i.relay_addr)
    relay_init                               0x080053e9   Thumb Code    42  uni_relay.o(i.relay_init)
    start_pulse                              0x08005419   Thumb Code    56  uni_relay.o(i.start_pulse)
    transfer_bufin_to_channel_bufout         0x08005455   Thumb Code    28  uni_power.o(i.transfer_bufin_to_channel_bufout)
    transfer_metrics_to_status               0x08005471   Thumb Code    24  uni_power.o(i.transfer_metrics_to_status)
    uart_receive_data                        0x08005491   Thumb Code    16  uni_uart.o(i.uart_receive_data)
    uni_adcDMA_bytesCaptured                 0x080054ad   Thumb Code    10  uni_adc.o(i.uni_adcDMA_bytesCaptured)
    uni_adc_init                             0x080054bd   Thumb Code   288  uni_adc.o(i.uni_adc_init)
    uni_adc_start                            0x080055e5   Thumb Code    24  uni_adc.o(i.uni_adc_start)
    uni_command_exec                         0x08005605   Thumb Code   370  uni_command.o(i.uni_command_exec)
    uni_relay_off                            0x08005791   Thumb Code    84  uni_relay.o(i.uni_relay_off)
    uni_relay_on                             0x080057f5   Thumb Code    84  uni_relay.o(i.uni_relay_on)
    uni_uart_receive_init                    0x08005859   Thumb Code    16  uni_uart.o(i.uni_uart_receive_init)
    uni_uart_transmit                        0x08005875   Thumb Code    28  uni_uart.o(i.uni_uart_transmit)
    voltage_timer_init                       0x08005895   Thumb Code   104  uni_voltage.o(i.voltage_timer_init)
    APBAHBPrescTable                         0x08005908   Data          16  stm32f4xx_hal_rcc.o(.constdata)
    Region$$Table$$Base                      0x08005918   Number         0  anon$$obj.o(Region$$Table)
    Region$$Table$$Limit                     0x08005948   Number         0  anon$$obj.o(Region$$Table)
    SystemCoreClock                          0x10000000   Data           4  system_stm32f4xx.o(.data)
    adc_dma_buf_1                            0x10000008   Data           4  uni_adc.o(.data)
    adc_dma_buf_2                            0x1000000c   Data           4  uni_adc.o(.data)
    adcDma_halfcnt                           0x10000010   Data           4  uni_adc.o(.data)
    adcDma_fullcnt                           0x10000014   Data           4  uni_adc.o(.data)
    dma_buf_filtered                         0x10000024   Data           4  uni_power.o(.data)
    huart1                                   0x10000030   Data          64  usart.o(.bss)
    huart2                                   0x10000070   Data          64  usart.o(.bss)
    huart6                                   0x100000b0   Data          64  usart.o(.bss)
    hspi2                                    0x100000f0   Data          88  spi.o(.bss)
    hadc1                                    0x10000148   Data          68  adc.o(.bss)
    hdma_adc1                                0x1000018c   Data          80  adc.o(.bss)
    htim1                                    0x100001dc   Data          60  tim.o(.bss)
    htim2                                    0x10000218   Data          60  tim.o(.bss)
    htim3                                    0x10000254   Data          60  tim.o(.bss)
    htim4                                    0x10000290   Data          60  tim.o(.bss)
    hi2c1                                    0x100002cc   Data          60  i2c.o(.bss)
    ic                                       0x10000308   Data          28  uni_command.o(.bss)
    is                                       0x10000324   Data          32  uni_command.o(.bss)
    pc                                       0x10000344   Data          68  uni_command.o(.bss)
    ps                                       0x10000388   Data         484  uni_command.o(.bss)
    comms_test_buf                           0x1000056c   Data        1000  uni_command.o(.bss)
    ps_temp                                  0x10000954   Data         484  uni_command.o(.bss)
    adc_channel_buf                          0x10000b38   Data        4000  uni_power.o(.bss)
    adc_channel_buf_filtered                 0x10001ad8   Data        4000  uni_power.o(.bss)
    offset_prev                              0x10002a78   Data          64  uni_power.o(.bss)
    sc_uart_rx_buf                           0x10002ab8   Data          64  uni_uart.o(.bss)
    textstr                                  0x10002af8   Data         100  uni_uart.o(.bss)
    __initial_sp                             0x10002f60   Data           0  startup_stm32f407xx.o(STACK)
    adc_dma_buf                              0x20000000   Data       128000  uni_adc.o(.bss)



==============================================================================

Memory Map of the image

  Image Entry point : 0x08000189

  Load Region LR_IROM1 (Base: 0x08000000, Size: 0x00005978, Max: 0x00100000, ABSOLUTE)

    Execution Region ER_IROM1 (Base: 0x08000000, Size: 0x00005948, Max: 0x00100000, ABSOLUTE)

    Base Addr    Size         Type   Attr      Idx    E Section Name        Object

    0x08000000   0x00000188   Data   RO         3032    RESET               startup_stm32f407xx.o
    0x08000188   0x00000000   Code   RO         4084  * .ARM.Collect$$$$00000000  mc_w.l(entry.o)
    0x08000188   0x00000004   Code   RO         4358    .ARM.Collect$$$$00000001  mc_w.l(entry2.o)
    0x0800018c   0x00000004   Code   RO         4361    .ARM.Collect$$$$00000004  mc_w.l(entry5.o)
    0x08000190   0x00000000   Code   RO         4363    .ARM.Collect$$$$00000008  mc_w.l(entry7b.o)
    0x08000190   0x00000000   Code   RO         4365    .ARM.Collect$$$$0000000A  mc_w.l(entry8b.o)
    0x08000190   0x00000008   Code   RO         4366    .ARM.Collect$$$$0000000B  mc_w.l(entry9a.o)
    0x08000198   0x00000000   Code   RO         4368    .ARM.Collect$$$$0000000D  mc_w.l(entry10a.o)
    0x08000198   0x00000000   Code   RO         4370    .ARM.Collect$$$$0000000F  mc_w.l(entry11a.o)
    0x08000198   0x00000004   Code   RO         4359    .ARM.Collect$$$$00002712  mc_w.l(entry2.o)
    0x0800019c   0x00000024   Code   RO         3033    .text               startup_stm32f407xx.o
    0x080001c0   0x000000de   Code   RO         4348    .text               mf_w.l(ddiv.o)
    0x0800029e   0x00000022   Code   RO         4350    .text               mf_w.l(dflti.o)
    0x080002c0   0x0000001a   Code   RO         4352    .text               mf_w.l(dfltui.o)
    0x080002da   0x00000026   Code   RO         4354    .text               mf_w.l(f2d.o)
    0x08000300   0x00000038   Code   RO         4356    .text               mf_w.l(d2f.o)
    0x08000338   0x00000062   Code   RO         4377    .text               mc_w.l(uldiv.o)
    0x0800039a   0x00000000   Code   RO         4386    .text               mc_w.l(iusefp.o)
    0x0800039a   0x0000006c   Code   RO         4387    .text               mf_w.l(fepilogue.o)
    0x08000406   0x000000be   Code   RO         4389    .text               mf_w.l(depilogue.o)
    0x080004c4   0x00000024   Code   RO         4399    .text               mc_w.l(init.o)
    0x080004e8   0x0000001e   Code   RO         4402    .text               mc_w.l(llshl.o)
    0x08000506   0x00000020   Code   RO         4404    .text               mc_w.l(llushr.o)
    0x08000526   0x00000002   PAD
    0x08000528   0x0000001e   Code   RO         2311    i.ADC_DMAConvCplt   stm32f4xx_hal_adc.o
    0x08000546   0x00000018   Code   RO         2312    i.ADC_DMAError      stm32f4xx_hal_adc.o
    0x0800055e   0x0000000a   Code   RO         2313    i.ADC_DMAHalfConvCplt  stm32f4xx_hal_adc.o
    0x08000568   0x00000130   Code   RO         2314    i.ADC_Init          stm32f4xx_hal_adc.o
    0x08000698   0x0000000c   Code   RO         3040    i.DMA2_Stream0_IRQHandler  stm32f4xx_it.o
    0x080006a4   0x00000028   Code   RO         1510    i.DMA_SetConfig     stm32f4xx_hal_dma.o
    0x080006cc   0x00000008   Code   RO         3041    i.EXTI15_10_IRQHandler  stm32f4xx_it.o
    0x080006d4   0x00000150   Code   RO         2316    i.HAL_ADC_ConfigChannel  stm32f4xx_hal_adc.o
    0x08000824   0x00000020   Code   RO         3633    i.HAL_ADC_ConvCpltCallback  uni_adc.o
    0x08000844   0x00000020   Code   RO         3634    i.HAL_ADC_ConvHalfCpltCallback  uni_adc.o
    0x08000864   0x00000020   Code   RO         2319    i.HAL_ADC_DeInit    stm32f4xx_hal_adc.o
    0x08000884   0x00000002   Code   RO         2320    i.HAL_ADC_ErrorCallback  stm32f4xx_hal_adc.o
    0x08000886   0x00000038   Code   RO         2325    i.HAL_ADC_Init      stm32f4xx_hal_adc.o
    0x080008be   0x00000002   PAD
    0x080008c0   0x00000050   Code   RO         3245    i.HAL_ADC_MspDeInit  adc.o
    0x08000910   0x000000a4   Code   RO         3246    i.HAL_ADC_MspInit   adc.o
    0x080009b4   0x000000b0   Code   RO         2332    i.HAL_ADC_Start_DMA  stm32f4xx_hal_adc.o
    0x08000a64   0x000009cc   Code   RO         1512    i.HAL_DMA_DeInit    stm32f4xx_hal_dma.o
    0x08001430   0x00000f6c   Code   RO         1515    i.HAL_DMA_IRQHandler  stm32f4xx_hal_dma.o
    0x0800239c   0x00000070   Code   RO         1516    i.HAL_DMA_Init      stm32f4xx_hal_dma.o
    0x0800240c   0x0000006c   Code   RO         1519    i.HAL_DMA_Start_IT  stm32f4xx_hal_dma.o
    0x08002478   0x00000016   Code   RO         1075    i.HAL_Delay         stm32f4xx_hal.o
    0x0800248e   0x00000002   PAD
    0x08002490   0x00000158   Code   RO         1255    i.HAL_GPIO_DeInit   stm32f4xx_hal_gpio.o
    0x080025e8   0x0000005c   Code   RO         4044    i.HAL_GPIO_EXTI_Callback  uni_voltage.o
    0x08002644   0x00000018   Code   RO         1257    i.HAL_GPIO_EXTI_IRQHandler  stm32f4xx_hal_gpio.o
    0x0800265c   0x000001c8   Code   RO         1258    i.HAL_GPIO_Init     stm32f4xx_hal_gpio.o
    0x08002824   0x00000008   Code   RO         1261    i.HAL_GPIO_TogglePin  stm32f4xx_hal_gpio.o
    0x0800282c   0x0000000a   Code   RO         1262    i.HAL_GPIO_WritePin  stm32f4xx_hal_gpio.o
    0x08002836   0x00000002   PAD
    0x08002838   0x0000000c   Code   RO         1081    i.HAL_GetTick       stm32f4xx_hal.o
    0x08002844   0x000000e2   Code   RO         2737    i.HAL_I2C_ER_IRQHandler  stm32f4xx_hal_i2c.o
    0x08002926   0x000001aa   Code   RO         2738    i.HAL_I2C_EV_IRQHandler  stm32f4xx_hal_i2c.o
    0x08002ad0   0x00000002   Code   RO         2739    i.HAL_I2C_ErrorCallback  stm32f4xx_hal_i2c.o
    0x08002ad2   0x00000002   PAD
    0x08002ad4   0x000000fc   Code   RO         2742    i.HAL_I2C_Init      stm32f4xx_hal_i2c.o
    0x08002bd0   0x00000002   Code   RO         2744    i.HAL_I2C_MasterRxCpltCallback  stm32f4xx_hal_i2c.o
    0x08002bd2   0x00000002   Code   RO         2745    i.HAL_I2C_MasterTxCpltCallback  stm32f4xx_hal_i2c.o
    0x08002bd4   0x00000002   Code   RO         2752    i.HAL_I2C_MemRxCpltCallback  stm32f4xx_hal_i2c.o
    0x08002bd6   0x00000002   Code   RO         2753    i.HAL_I2C_MemTxCpltCallback  stm32f4xx_hal_i2c.o
    0x08002bd8   0x0000006c   Code   RO         3592    i.HAL_I2C_MspInit   i2c.o
    0x08002c44   0x00000002   Code   RO         2762    i.HAL_I2C_SlaveRxCpltCallback  stm32f4xx_hal_i2c.o
    0x08002c46   0x00000002   Code   RO         2763    i.HAL_I2C_SlaveTxCpltCallback  stm32f4xx_hal_i2c.o
    0x08002c48   0x00000010   Code   RO         1082    i.HAL_IncTick       stm32f4xx_hal.o
    0x08002c58   0x00000034   Code   RO         1083    i.HAL_Init          stm32f4xx_hal.o
    0x08002c8c   0x00000022   Code   RO         1084    i.HAL_InitTick      stm32f4xx_hal.o
    0x08002cae   0x00000016   Code   RO         3567    i.HAL_MspInit       stm32f4xx_hal_msp.o
    0x08002cc4   0x00000018   Code   RO          779    i.HAL_NVIC_EnableIRQ  stm32f4xx_hal_cortex.o
    0x08002cdc   0x00000040   Code   RO          785    i.HAL_NVIC_SetPriority  stm32f4xx_hal_cortex.o
    0x08002d1c   0x00000024   Code   RO          786    i.HAL_NVIC_SetPriorityGrouping  stm32f4xx_hal_cortex.o
    0x08002d40   0x0000020c   Code   RO         1352    i.HAL_RCC_ClockConfig  stm32f4xx_hal_rcc.o
    0x08002f4c   0x00000034   Code   RO         1357    i.HAL_RCC_GetHCLKFreq  stm32f4xx_hal_rcc.o
    0x08002f80   0x0000002c   Code   RO         1359    i.HAL_RCC_GetPCLK1Freq  stm32f4xx_hal_rcc.o
    0x08002fac   0x0000002c   Code   RO         1360    i.HAL_RCC_GetPCLK2Freq  stm32f4xx_hal_rcc.o
    0x08002fd8   0x00000070   Code   RO         1361    i.HAL_RCC_GetSysClockFreq  stm32f4xx_hal_rcc.o
    0x08003048   0x0000033c   Code   RO         1364    i.HAL_RCC_OscConfig  stm32f4xx_hal_rcc.o
    0x08003384   0x00000084   Code   RO         1836    i.HAL_SPI_Init      stm32f4xx_hal_spi.o
    0x08003408   0x0000004c   Code   RO         3204    i.HAL_SPI_MspInit   spi.o
    0x08003454   0x00000018   Code   RO          788    i.HAL_SYSTICK_CLKSourceConfig  stm32f4xx_hal_cortex.o
    0x0800346c   0x00000002   Code   RO          789    i.HAL_SYSTICK_Callback  stm32f4xx_hal_cortex.o
    0x0800346e   0x00000028   Code   RO          790    i.HAL_SYSTICK_Config  stm32f4xx_hal_cortex.o
    0x08003496   0x00000008   Code   RO          791    i.HAL_SYSTICK_IRQHandler  stm32f4xx_hal_cortex.o
    0x0800349e   0x00000002   Code   RO         2072    i.HAL_TIMEx_BreakCallback  stm32f4xx_hal_tim_ex.o
    0x080034a0   0x00000002   Code   RO         2073    i.HAL_TIMEx_CommutationCallback  stm32f4xx_hal_tim_ex.o
    0x080034a2   0x00000050   Code   RO         2089    i.HAL_TIMEx_MasterConfigSynchronization  stm32f4xx_hal_tim_ex.o
    0x080034f2   0x00000036   Code   RO          144    i.HAL_TIM_Base_Init  stm32f4xx_hal_tim.o
    0x08003528   0x00000098   Code   RO         3508    i.HAL_TIM_Base_MspInit  tim.o
    0x080035c0   0x0000001a   Code   RO          147    i.HAL_TIM_Base_Start  stm32f4xx_hal_tim.o
    0x080035da   0x00000018   Code   RO          149    i.HAL_TIM_Base_Start_IT  stm32f4xx_hal_tim.o
    0x080035f2   0x0000002c   Code   RO          150    i.HAL_TIM_Base_Stop  stm32f4xx_hal_tim.o
    0x0800361e   0x000000f0   Code   RO          153    i.HAL_TIM_ConfigClockSource  stm32f4xx_hal_tim.o
    0x0800370e   0x00000002   Code   RO          173    i.HAL_TIM_IC_CaptureCallback  stm32f4xx_hal_tim.o
    0x08003710   0x00000166   Code   RO          186    i.HAL_TIM_IRQHandler  stm32f4xx_hal_tim.o
    0x08003876   0x00000002   Code   RO          189    i.HAL_TIM_OC_DelayElapsedCallback  stm32f4xx_hal_tim.o
    0x08003878   0x0000004a   Code   RO          203    i.HAL_TIM_OnePulse_Init  stm32f4xx_hal_tim.o
    0x080038c2   0x00000002   Code   RO          205    i.HAL_TIM_OnePulse_MspInit  stm32f4xx_hal_tim.o
    0x080038c4   0x00000002   Code   RO          216    i.HAL_TIM_PWM_PulseFinishedCallback  stm32f4xx_hal_tim.o
    0x080038c6   0x00000002   PAD
    0x080038c8   0x00000010   Code   RO         3824    i.HAL_TIM_PeriodElapsedCallback  uni_relay.o
    0x080038d8   0x00000002   Code   RO          227    i.HAL_TIM_TriggerCallback  stm32f4xx_hal_tim.o
    0x080038da   0x00000002   PAD
    0x080038dc   0x00000078   Code   RO         3885    i.HAL_UART_ErrorCallback  uni_uart.o
    0x08003954   0x0000010a   Code   RO         2496    i.HAL_UART_IRQHandler  stm32f4xx_hal_uart.o
    0x08003a5e   0x0000005e   Code   RO         2497    i.HAL_UART_Init     stm32f4xx_hal_uart.o
    0x08003abc   0x000000e4   Code   RO         3123    i.HAL_UART_MspInit  usart.o
    0x08003ba0   0x0000004c   Code   RO         3886    i.HAL_UART_RxCpltCallback  uni_uart.o
    0x08003bec   0x0000006a   Code   RO         2507    i.HAL_UART_Transmit_IT  stm32f4xx_hal_uart.o
    0x08003c56   0x00000002   Code   RO         3887    i.HAL_UART_TxCpltCallback  uni_uart.o
    0x08003c58   0x0000000c   Code   RO         3042    i.I2C1_ER_IRQHandler  stm32f4xx_it.o
    0x08003c64   0x0000000c   Code   RO         3043    i.I2C1_EV_IRQHandler  stm32f4xx_it.o
    0x08003c70   0x00000080   Code   RO         2777    i.I2C_MasterReceive_BTF  stm32f4xx_hal_i2c.o
    0x08003cf0   0x00000064   Code   RO         2778    i.I2C_MasterReceive_RXNE  stm32f4xx_hal_i2c.o
    0x08003d54   0x000000f4   Code   RO         3247    i.MX_ADC1_Init      adc.o
    0x08003e48   0x0000002c   Code   RO         3290    i.MX_DMA_Init       dma.o
    0x08003e74   0x000001a0   Code   RO         3179    i.MX_GPIO_Init      gpio.o
    0x08004014   0x00000030   Code   RO         3593    i.MX_I2C1_Init      i2c.o
    0x08004044   0x00000034   Code   RO         3205    i.MX_SPI2_Init      spi.o
    0x08004078   0x00000054   Code   RO         3509    i.MX_TIM1_Init      tim.o
    0x080040cc   0x00000048   Code   RO         3510    i.MX_TIM2_Init      tim.o
    0x08004114   0x00000048   Code   RO         3511    i.MX_TIM3_Init      tim.o
    0x0800415c   0x00000050   Code   RO         3512    i.MX_TIM4_Init      tim.o
    0x080041ac   0x00000028   Code   RO         3124    i.MX_USART1_UART_Init  usart.o
    0x080041d4   0x00000028   Code   RO         3125    i.MX_USART2_UART_Init  usart.o
    0x080041fc   0x00000028   Code   RO         3126    i.MX_USART6_UART_Init  usart.o
    0x08004224   0x00000020   Code   RO          792    i.NVIC_SetPriority  stm32f4xx_hal_cortex.o
    0x08004244   0x0000000e   Code   RO         3044    i.SysTick_Handler   stm32f4xx_it.o
    0x08004252   0x00000002   PAD
    0x08004254   0x0000008c   Code   RO         3314    i.SystemClock_Config  main.o
    0x080042e0   0x00000054   Code   RO            5    i.SystemInit        system_stm32f4xx.o
    0x08004334   0x0000000c   Code   RO         3045    i.TIM1_UP_TIM10_IRQHandler  stm32f4xx_it.o
    0x08004340   0x0000000c   Code   RO         3046    i.TIM4_IRQHandler   stm32f4xx_it.o
    0x0800434c   0x000000c0   Code   RO          228    i.TIM_Base_SetConfig  stm32f4xx_hal_tim.o
    0x0800440c   0x00000014   Code   RO          235    i.TIM_ETR_SetConfig  stm32f4xx_hal_tim.o
    0x08004420   0x00000010   Code   RO          236    i.TIM_ITRx_SetConfig  stm32f4xx_hal_tim.o
    0x08004430   0x00000022   Code   RO          242    i.TIM_TI1_ConfigInputStage  stm32f4xx_hal_tim.o
    0x08004452   0x00000024   Code   RO          244    i.TIM_TI2_ConfigInputStage  stm32f4xx_hal_tim.o
    0x08004476   0x00000002   PAD
    0x08004478   0x000000a8   Code   RO         2515    i.UART_Receive_IT   stm32f4xx_hal_uart.o
    0x08004520   0x00000056   Code   RO         3888    i.UART_Receive_IT   uni_uart.o
    0x08004576   0x00000002   PAD
    0x08004578   0x00000178   Code   RO         2516    i.UART_SetConfig    stm32f4xx_hal_uart.o
    0x080046f0   0x00000066   Code   RO         2517    i.UART_Transmit_IT  stm32f4xx_hal_uart.o
    0x08004756   0x00000002   PAD
    0x08004758   0x00000056   Code   RO         3889    i.UART_Transmit_IT  uni_uart.o
    0x080047ae   0x00000002   PAD
    0x080047b0   0x0000000c   Code   RO         3047    i.USART1_IRQHandler  stm32f4xx_it.o
    0x080047bc   0x0000000c   Code   RO         3048    i.USART2_IRQHandler  stm32f4xx_it.o
    0x080047c8   0x0000000c   Code   RO         3049    i.USART6_IRQHandler  stm32f4xx_it.o
    0x080047d4   0x00000028   Code   RO         4296    i.__0sprintf$8      mc_w.l(printf8.o)
    0x080047fc   0x0000003a   Code   RO         4072    i.__hardfp_sqrtf    m_wm.l(sqrtf.o)
    0x08004836   0x0000000e   Code   RO         4411    i.__scatterload_copy  mc_w.l(handlers.o)
    0x08004844   0x00000002   Code   RO         4412    i.__scatterload_null  mc_w.l(handlers.o)
    0x08004846   0x0000000e   Code   RO         4413    i.__scatterload_zeroinit  mc_w.l(handlers.o)
    0x08004854   0x0000000c   Code   RO         4381    i.__set_errno       mc_w.l(errno.o)
    0x08004860   0x00000408   Code   RO         4301    i._printf_core      mc_w.l(printf8.o)
    0x08004c68   0x00000026   Code   RO         4302    i._printf_post_padding  mc_w.l(printf8.o)
    0x08004c8e   0x00000030   Code   RO         4303    i._printf_pre_padding  mc_w.l(printf8.o)
    0x08004cbe   0x0000000a   Code   RO         4305    i._sputc            mc_w.l(printf8.o)
    0x08004cc8   0x0000000c   Code   RO         3707    i.command_ack_host  uni_command.o
    0x08004cd4   0x00000020   Code   RO         3708    i.command_exec_rx   uni_command.o
    0x08004cf4   0x00000010   Code   RO         3709    i.command_exec_tx   uni_command.o
    0x08004d04   0x00000038   Code   RO         3825    i.end_pulse         uni_relay.o
    0x08004d3c   0x00000044   Code   RO         3892    i.log_hex           uni_uart.o
    0x08004d80   0x00000040   Code   RO         3893    i.log_int           uni_uart.o
    0x08004dc0   0x0000003c   Code   RO         3895    i.log_str           uni_uart.o
    0x08004dfc   0x000001fc   Code   RO         3315    i.main              main.o
    0x08004ff8   0x00000328   Code   RO         3757    i.power_from_ADC    uni_power.o
    0x08005320   0x00000020   Code   RO         3758    i.power_init_math   uni_power.o
    0x08005340   0x000000a8   Code   RO         3826    i.relay_addr        uni_relay.o
    0x080053e8   0x00000030   Code   RO         3827    i.relay_init        uni_relay.o
    0x08005418   0x0000003c   Code   RO         3828    i.start_pulse       uni_relay.o
    0x08005454   0x0000001c   Code   RO         3760    i.transfer_bufin_to_channel_bufout  uni_power.o
    0x08005470   0x00000020   Code   RO         3761    i.transfer_metrics_to_status  uni_power.o
    0x08005490   0x0000001c   Code   RO         3898    i.uart_receive_data  uni_uart.o
    0x080054ac   0x00000010   Code   RO         3635    i.uni_adcDMA_bytesCaptured  uni_adc.o
    0x080054bc   0x00000128   Code   RO         3636    i.uni_adc_init      uni_adc.o
    0x080055e4   0x00000020   Code   RO         3638    i.uni_adc_start     uni_adc.o
    0x08005604   0x0000018c   Code   RO         3710    i.uni_command_exec  uni_command.o
    0x08005790   0x00000064   Code   RO         3829    i.uni_relay_off     uni_relay.o
    0x080057f4   0x00000064   Code   RO         3830    i.uni_relay_on      uni_relay.o
    0x08005858   0x0000001c   Code   RO         3899    i.uni_uart_receive_init  uni_uart.o
    0x08005874   0x00000020   Code   RO         3900    i.uni_uart_transmit  uni_uart.o
    0x08005894   0x00000074   Code   RO         4045    i.voltage_timer_init  uni_voltage.o
    0x08005908   0x00000010   Data   RO         1365    .constdata          stm32f4xx_hal_rcc.o
    0x08005918   0x00000030   Data   RO         4409    Region$$Table       anon$$obj.o


    Execution Region RW_IRAM2 (Base: 0x10000000, Size: 0x00002f60, Max: 0x00010000, ABSOLUTE)

    Base Addr    Size         Type   Attr      Idx    E Section Name        Object

    0x10000000   0x00000004   Data   RW            7    .data               system_stm32f4xx.o
    0x10000004   0x00000004   Data   RW         1089    .data               stm32f4xx_hal.o
    0x10000008   0x00000010   Data   RW         3641    .data               uni_adc.o
    0x10000018   0x0000000c   Data   RW         3713    .data               uni_command.o
    0x10000024   0x00000004   Data   RW         3765    .data               uni_power.o
    0x10000028   0x00000001   Data   RW         3902    .data               uni_uart.o
    0x10000029   0x00000003   PAD
    0x1000002c   0x00000004   Data   RW         4382    .data               mc_w.l(errno.o)
    0x10000030   0x000000c0   Zero   RW         3127    .bss                usart.o
    0x100000f0   0x00000058   Zero   RW         3206    .bss                spi.o
    0x10000148   0x00000094   Zero   RW         3248    .bss                adc.o
    0x100001dc   0x000000f0   Zero   RW         3513    .bss                tim.o
    0x100002cc   0x0000003c   Zero   RW         3594    .bss                i2c.o
    0x10000308   0x0000064c   Zero   RW         3711    .bss                uni_command.o
    0x10000954   0x000001e4   Zero   RW         3712    .bss                uni_command.o
    0x10000b38   0x00000fa0   Zero   RW         3762    .bss                uni_power.o
    0x10001ad8   0x00000fe0   Zero   RW         3763    .bss                uni_power.o
    0x10002ab8   0x000000a4   Zero   RW         3901    .bss                uni_uart.o
    0x10002b5c   0x00000004   PAD
    0x10002b60   0x00000400   Zero   RW         3030    STACK               startup_stm32f407xx.o


    Execution Region RW_IRAM1 (Base: 0x20000000, Size: 0x0001f400, Max: 0x00020000, ABSOLUTE)

    Base Addr    Size         Type   Attr      Idx    E Section Name        Object

    0x20000000   0x0001f400   Zero   RW         3640    .bss                uni_adc.o


==============================================================================

Image component sizes


      Code (inc. data)   RO Data    RW Data    ZI Data      Debug   Object Name

       488         60          0          0        148       2127   adc.o
        44          4          0          0          0        674   dma.o
       416         30          0          0          0       1059   gpio.o
       156         26          0          0         60       1369   i2c.o
       648        150          0          0          0     362474   main.o
       128         20          0          0         88       1369   spi.o
        36          8        392          0       1024        876   startup_stm32f407xx.o
       136         16          0          4          0       3842   stm32f4xx_hal.o
       970         50          0          0          0       5820   stm32f4xx_hal_adc.o
       230         24          0          0          0      31205   stm32f4xx_hal_cortex.o
      6716         92          0          0          0       4936   stm32f4xx_hal_dma.o
       842         98          0          0          0       4066   stm32f4xx_hal_gpio.o
      1146          8          0          0          0       8957   stm32f4xx_hal_i2c.o
        22          0          0          0          0        458   stm32f4xx_hal_msp.o
      1604         70         16          0          0       5655   stm32f4xx_hal_rcc.o
       132          0          0          0          0       1059   stm32f4xx_hal_spi.o
      1128         44          0          0          0      11055   stm32f4xx_hal_tim.o
        84          0          0          0          0       2202   stm32f4xx_hal_tim_ex.o
      1112         10          0          0          0       4837   stm32f4xx_hal_uart.o
       118         48          0          0          0       4262   stm32f4xx_it.o
        84         18          0          4          0     380321   system_stm32f4xx.o
       460         50          0          0        240       3317   tim.o
       408         38          0         16     128000       3536   uni_adc.o
       456         62          0         12       2096       3113   uni_command.o
       900         64          0          4       8064       4563   uni_power.o
       548         60          0          0          0       4093   uni_relay.o
       650        152          0          1        164       6479   uni_uart.o
       208         28          0          0          0       1142   uni_voltage.o
       348         58          0          0        192       2468   usart.o

    ----------------------------------------------------------------------
     20240       1288        456         44     140080     867334   Object Totals
         0          0         48          0          0          0   (incl. Generated)
        22          0          0          3          4          0   (incl. Padding)

    ----------------------------------------------------------------------

      Code (inc. data)   RO Data    RW Data    ZI Data      Debug   Library Member Name

        58          0          0          0          0        136   sqrtf.o
         0          0          0          0          0          0   entry.o
         0          0          0          0          0          0   entry10a.o
         0          0          0          0          0          0   entry11a.o
         8          4          0          0          0          0   entry2.o
         4          0          0          0          0          0   entry5.o
         0          0          0          0          0          0   entry7b.o
         0          0          0          0          0          0   entry8b.o
         8          4          0          0          0          0   entry9a.o
        12          6          0          4          0         68   errno.o
        30          0          0          0          0          0   handlers.o
        36          8          0          0          0         68   init.o
         0          0          0          0          0          0   iusefp.o
        30          0          0          0          0         68   llshl.o
        32          0          0          0          0         68   llushr.o
      1168         50          0          0          0        420   printf8.o
        98          0          0          0          0         92   uldiv.o
        56          0          0          0          0         88   d2f.o
       222          0          0          0          0        100   ddiv.o
       190          0          0          0          0        176   depilogue.o
        34          0          0          0          0         76   dflti.o
        26          0          0          0          0         76   dfltui.o
        38          0          0          0          0         68   f2d.o
       108          0          0          0          0        168   fepilogue.o

    ----------------------------------------------------------------------
      2160         72          0          4          0       1672   Library Totals
         2          0          0          0          0          0   (incl. Padding)

    ----------------------------------------------------------------------

      Code (inc. data)   RO Data    RW Data    ZI Data      Debug   Library Name

        58          0          0          0          0        136   m_wm.l
      1426         72          0          4          0        784   mc_w.l
       674          0          0          0          0        752   mf_w.l

    ----------------------------------------------------------------------
      2160         72          0          4          0       1672   Library Totals

    ----------------------------------------------------------------------

==============================================================================


      Code (inc. data)   RO Data    RW Data    ZI Data      Debug   

     22400       1360        456         48     140080     854678   Grand Totals
     22400       1360        456         48     140080     854678   ELF Image Totals
     22400       1360        456         48          0          0   ROM Totals

==============================================================================

    Total RO  Size (Code + RO Data)                22856 (  22.32kB)
    Total RW  Size (RW Data + ZI Data)            140128 ( 136.84kB)
    Total ROM Size (Code + RO Data + RW Data)      22904 (  22.37kB)

==============================================================================

